Archive member included to satisfy reference by file (symbol)

/usr/local/mcuxpressoide-10.2.0_759/ide/tools/bin/../lib/gcc/arm-none-eabi/7.2.1/../../../../arm-none-eabi/lib/thumb/v7e-m/fpv4-sp/hard/libcr_semihost_nf.a(_cr__main.o)
                              ./startup/startup_mk66f18.o (__main)
/usr/local/mcuxpressoide-10.2.0_759/ide/tools/bin/../lib/gcc/arm-none-eabi/7.2.1/../../../../arm-none-eabi/lib/thumb/v7e-m/fpv4-sp/hard/libcr_semihost_nf.a(_cr_assert.o)
                              ./utilities/fsl_debug_console.o (__assertion_failed)
/usr/local/mcuxpressoide-10.2.0_759/ide/tools/bin/../lib/gcc/arm-none-eabi/7.2.1/../../../../arm-none-eabi/lib/thumb/v7e-m/fpv4-sp/hard/libcr_semihost_nf.a(__ciob.o)
                              /usr/local/mcuxpressoide-10.2.0_759/ide/tools/bin/../lib/gcc/arm-none-eabi/7.2.1/../../../../arm-none-eabi/lib/thumb/v7e-m/fpv4-sp/hard/libcr_semihost_nf.a(_cr_assert.o) (__Ciob)
/usr/local/mcuxpressoide-10.2.0_759/ide/tools/bin/../lib/gcc/arm-none-eabi/7.2.1/../../../../arm-none-eabi/lib/thumb/v7e-m/fpv4-sp/hard/libcr_semihost_nf.a(__sys_appexit.o)
                              /usr/local/mcuxpressoide-10.2.0_759/ide/tools/bin/../lib/gcc/arm-none-eabi/7.2.1/../../../../arm-none-eabi/lib/thumb/v7e-m/fpv4-sp/hard/libcr_semihost_nf.a(_cr_assert.o) (__sys_appexit)
/usr/local/mcuxpressoide-10.2.0_759/ide/tools/bin/../lib/gcc/arm-none-eabi/7.2.1/../../../../arm-none-eabi/lib/thumb/v7e-m/fpv4-sp/hard/libcr_c.a(memcpy.o)
                              ./source/Node.o (memcpy)
/usr/local/mcuxpressoide-10.2.0_759/ide/tools/bin/../lib/gcc/arm-none-eabi/7.2.1/../../../../arm-none-eabi/lib/thumb/v7e-m/fpv4-sp/hard/libcr_c.a(memset.o)
                              ./drivers/fsl_flash.o (memset)
/usr/local/mcuxpressoide-10.2.0_759/ide/tools/bin/../lib/gcc/arm-none-eabi/7.2.1/../../../../arm-none-eabi/lib/thumb/v7e-m/fpv4-sp/hard/libcr_c.a(_deferredlazyseek.o)
                              /usr/local/mcuxpressoide-10.2.0_759/ide/tools/bin/../lib/gcc/arm-none-eabi/7.2.1/../../../../arm-none-eabi/lib/thumb/v7e-m/fpv4-sp/hard/libcr_semihost_nf.a(_cr_assert.o) (__flsbuf)
/usr/local/mcuxpressoide-10.2.0_759/ide/tools/bin/../lib/gcc/arm-none-eabi/7.2.1/../../../../arm-none-eabi/lib/thumb/v7e-m/fpv4-sp/hard/libcr_c.a(_fflush.o)
                              /usr/local/mcuxpressoide-10.2.0_759/ide/tools/bin/../lib/gcc/arm-none-eabi/7.2.1/../../../../arm-none-eabi/lib/thumb/v7e-m/fpv4-sp/hard/libcr_c.a(_deferredlazyseek.o) (_fflush)
/usr/local/mcuxpressoide-10.2.0_759/ide/tools/bin/../lib/gcc/arm-none-eabi/7.2.1/../../../../arm-none-eabi/lib/thumb/v7e-m/fpv4-sp/hard/libcr_c.a(_writebuf.o)
                              /usr/local/mcuxpressoide-10.2.0_759/ide/tools/bin/../lib/gcc/arm-none-eabi/7.2.1/../../../../arm-none-eabi/lib/thumb/v7e-m/fpv4-sp/hard/libcr_c.a(_deferredlazyseek.o) (_Cwritebuf)
/usr/local/mcuxpressoide-10.2.0_759/ide/tools/bin/../lib/gcc/arm-none-eabi/7.2.1/../../../../arm-none-eabi/lib/thumb/v7e-m/fpv4-sp/hard/libcr_c.a(alloc.o)
                              ./drivers/fsl_common.o (malloc)
/usr/local/mcuxpressoide-10.2.0_759/ide/tools/bin/../lib/gcc/arm-none-eabi/7.2.1/../../../../arm-none-eabi/lib/thumb/v7e-m/fpv4-sp/hard/libcr_c.a(fputs.o)
                              /usr/local/mcuxpressoide-10.2.0_759/ide/tools/bin/../lib/gcc/arm-none-eabi/7.2.1/../../../../arm-none-eabi/lib/thumb/v7e-m/fpv4-sp/hard/libcr_semihost_nf.a(_cr_assert.o) (fputs)
/usr/local/mcuxpressoide-10.2.0_759/ide/tools/bin/../lib/gcc/arm-none-eabi/7.2.1/../../../../arm-none-eabi/lib/thumb/v7e-m/fpv4-sp/hard/libcr_c.a(fseek.o)
                              /usr/local/mcuxpressoide-10.2.0_759/ide/tools/bin/../lib/gcc/arm-none-eabi/7.2.1/../../../../arm-none-eabi/lib/thumb/v7e-m/fpv4-sp/hard/libcr_c.a(_deferredlazyseek.o) (fseek)
/usr/local/mcuxpressoide-10.2.0_759/ide/tools/bin/../lib/gcc/arm-none-eabi/7.2.1/../../../../arm-none-eabi/lib/thumb/v7e-m/fpv4-sp/hard/libcr_c.a(ftell.o)
                              /usr/local/mcuxpressoide-10.2.0_759/ide/tools/bin/../lib/gcc/arm-none-eabi/7.2.1/../../../../arm-none-eabi/lib/thumb/v7e-m/fpv4-sp/hard/libcr_c.a(fseek.o) (ftell)
/usr/local/mcuxpressoide-10.2.0_759/ide/tools/bin/../lib/gcc/arm-none-eabi/7.2.1/../../../../arm-none-eabi/lib/thumb/v7e-m/fpv4-sp/hard/libcr_c.a(initio.o)
                              /usr/local/mcuxpressoide-10.2.0_759/ide/tools/bin/../lib/gcc/arm-none-eabi/7.2.1/../../../../arm-none-eabi/lib/thumb/v7e-m/fpv4-sp/hard/libcr_semihost_nf.a(_cr__main.o) (_initio)
/usr/local/mcuxpressoide-10.2.0_759/ide/tools/bin/../lib/gcc/arm-none-eabi/7.2.1/../../../../arm-none-eabi/lib/thumb/v7e-m/fpv4-sp/hard/libcr_c.a(printf.o)
                              ./utilities/fsl_assert.o (_printf)
/usr/local/mcuxpressoide-10.2.0_759/ide/tools/bin/../lib/gcc/arm-none-eabi/7.2.1/../../../../arm-none-eabi/lib/thumb/v7e-m/fpv4-sp/hard/libcr_c.a(setvbuf.o)
[...]
Memory Configuration

Name             Origin             Length             Attributes
PROGRAM_FLASH    0x0000000000000000 0x0000000000100000 xr
SRAM_UPPER       0x0000000020000000 0x0000000000030000 xrw
SRAM_LOWER       0x000000001fff0000 0x0000000000010000 xrw
FLEX_RAM         0x0000000014000000 0x0000000000001000 xrw
*default*        0x0000000000000000 0xffffffffffffffff

Linker script and memory map

LOAD ./utilities/fsl_assert.o
LOAD ./utilities/fsl_debug_console.o
LOAD ./utilities/fsl_io.o
LOAD ./utilities/fsl_log.o
LOAD ./utilities/fsl_str.o
LOAD ./startup/startup_mk66f18.o
LOAD ./source/FlexCAN_Functions.o
LOAD ./source/Node.o
LOAD ./source/UART_Functions.o
LOAD ./source/semihost_hardfault.o
LOAD ./drivers/fsl_clock.o
LOAD ./drivers/fsl_common.o
LOAD ./drivers/fsl_flash.o
LOAD ./drivers/fsl_flexcan.o
LOAD ./drivers/fsl_gpio.o
LOAD ./drivers/fsl_lpuart.o
LOAD ./drivers/fsl_rtc.o
LOAD ./drivers/fsl_smc.o
LOAD ./drivers/fsl_uart.o
LOAD ./board/board.o
LOAD ./board/clock_config.o
LOAD ./board/pin_mux.o
LOAD ./CMSIS/system_MK66F18.o
START GROUP
LOAD /usr/local/mcuxpressoide-10.2.0_759/ide/tools/bin/../lib/gcc/arm-none-eabi/7.2.1/../../../../arm-none-eabi/lib/thumb/v7e-m/fpv4-sp/hard/libcr_semihost_nf.a
LOAD /usr/local/mcuxpressoide-10.2.0_759/ide/tools/bin/../lib/gcc/arm-none-eabi/7.2.1/../../../../arm-none-eabi/lib/thumb/v7e-m/fpv4-sp/hard/libcr_c.a
LOAD /usr/local/mcuxpressoide-10.2.0_759/ide/tools/bin/../lib/gcc/arm-none-eabi/7.2.1/thumb/v7e-m/fpv4-sp/hard/libcr_eabihelpers.a
END GROUP
                0x0000000000000000                __base_PROGRAM_FLASH = 0x0
                0x0000000000000000                __base_Flash = 0x0
                0x0000000000100000                __top_PROGRAM_FLASH = 0x100000
                0x0000000000100000                __top_Flash = 0x100000
                0x0000000020000000                __base_SRAM_UPPER = 0x20000000
                0x0000000020000000                __base_RAM = 0x20000000
                0x0000000020030000                __top_SRAM_UPPER = 0x20030000
                0x0000000020030000                __top_RAM = 0x20030000
                0x000000001fff0000                __base_SRAM_LOWER = 0x1fff0000
                0x000000001fff0000                __base_RAM2 = 0x1fff0000
                0x0000000020000000                __top_SRAM_LOWER = 0x20000000
                0x0000000020000000                __top_RAM2 = 0x20000000
                0x0000000014000000                __base_FLEX_RAM = 0x14000000
                0x0000000014000000                __base_RAM3 = 0x14000000
                0x0000000014001000                __top_FLEX_RAM = 0x14001000
                0x0000000014001000                __top_RAM3 = 0x14001000

.text           0x0000000000000000     0x73f8
 FILL mask 0xff
                0x0000000000000000                __vectors_start__ = ABSOLUTE (.)
 *(.isr_vector)
 .isr_vector    0x0000000000000000      0x1d0 ./startup/startup_mk66f18.o
                0x0000000000000000                __Vectors
                0x0000000000000000                g_pfnVectors
                0x00000000000001d0                . = ALIGN (0x4)
                0x00000000000001d0                __section_table_start = .
                0x00000000000001d0                __data_section_table = .
                0x00000000000001d0        0x4 LONG 0x73f8 LOADADDR (.data)
                0x00000000000001d4        0x4 LONG 0x20000000 ADDR (.data)
                0x00000000000001d8        0x4 LONG 0x60 SIZEOF (.data)
                0x00000000000001dc        0x4 LONG 0x73f8 LOADADDR (.data_RAM2)
                0x00000000000001e0        0x4 LONG 0x1fff0000 ADDR (.data_RAM2)
                0x00000000000001e4        0x4 LONG 0x0 SIZEOF (.data_RAM2)
                0x00000000000001e8        0x4 LONG 0x73f8 LOADADDR (.data_RAM3)
                0x00000000000001ec        0x4 LONG 0x14000000 ADDR (.data_RAM3)
                0x00000000000001f0        0x4 LONG 0x0 SIZEOF (.data_RAM3)
                0x00000000000001f4                __data_section_table_end = .
                0x00000000000001f4                __bss_section_table = .
                0x00000000000001f4        0x4 LONG 0x20000060 ADDR (.bss)
                0x00000000000001f8        0x4 LONG 0x270 SIZEOF (.bss)
                0x00000000000001fc        0x4 LONG 0x1fff0000 ADDR (.bss_RAM2)
                0x0000000000000200        0x4 LONG 0x0 SIZEOF (.bss_RAM2)
                0x0000000000000204        0x4 LONG 0x14000000 ADDR (.bss_RAM3)
                0x0000000000000208        0x4 LONG 0x0 SIZEOF (.bss_RAM3)
                0x000000000000020c                __bss_section_table_end = .
                0x000000000000020c                __section_table_end = .
 *(.after_vectors*)
 .after_vectors.init_data
                0x000000000000020c       0x1e ./startup/startup_mk66f18.o
                0x000000000000020c                data_init
 .after_vectors.init_bss
                0x000000000000022a       0x12 ./startup/startup_mk66f18.o
                0x000000000000022a                bss_init
 .after_vectors.reset
                0x000000000000023c       0x4c ./startup/startup_mk66f18.o
                0x000000000000023c                ResetISR
 .after_vectors
                0x0000000000000288       0x14 ./startup/startup_mk66f18.o
                0x0000000000000288                NMI_Handler
                0x000000000000028c                MemManage_Handler
                0x000000000000028e                BusFault_Handler
                0x0000000000000290                UsageFault_Handler
                0x0000000000000292                SVC_Handler
                0x0000000000000294                DebugMon_Handler
                0x0000000000000296                PendSV_Handler
                0x000000000000029a                DMA13_DMA29_DriverIRQHandler
                0x000000000000029a                PORTB_DriverIRQHandler
                0x000000000000029a                SPI1_DriverIRQHandler
                0x000000000000029a                LPTMR0_DriverIRQHandler
                0x000000000000029a                DMA_Error_DriverIRQHandler
                0x000000000000029a                FTM1_DriverIRQHandler
                0x000000000000029a                FTM2_DriverIRQHandler
                0x000000000000029a                PIT2_DriverIRQHandler
                0x000000000000029a                TPM2_DriverIRQHandler
                0x000000000000029a                SDHC_DriverIRQHandler
                0x000000000000029a                DMA7_DMA23_DriverIRQHandler
                0x000000000000029a                I2C3_DriverIRQHandler
                0x000000000000029a                I2S0_Tx_DriverIRQHandler
                0x000000000000029a                TSI0_DriverIRQHandler
                0x000000000000029a                RTC_Seconds_DriverIRQHandler
                0x000000000000029a                CMP3_DriverIRQHandler
                0x000000000000029a                LLWU_DriverIRQHandler
                0x000000000000029a                MCM_DriverIRQHandler
                0x000000000000029a                DMA14_DMA30_DriverIRQHandler
                0x000000000000029a                MCG_DriverIRQHandler
                0x000000000000029a                ENET_1588_Timer_DriverIRQHandler
                0x000000000000029a                I2C2_DriverIRQHandler
                0x000000000000029a                DAC1_DriverIRQHandler
                0x000000000000029a                CMP1_DriverIRQHandler
                0x000000000000029a                USBHSDCD_DriverIRQHandler
                0x000000000000029a                DMA0_DMA16_DriverIRQHandler
                0x000000000000029a                FTM0_DriverIRQHandler
                0x000000000000029a                IntDefaultHandler
                0x000000000000029a                USB0_DriverIRQHandler
                0x000000000000029a                PORTC_DriverIRQHandler
                0x000000000000029a                DMA2_DMA18_DriverIRQHandler
                0x000000000000029a                DAC0_DriverIRQHandler
                0x000000000000029a                CMP2_DriverIRQHandler
                0x000000000000029a                UART2_ERR_DriverIRQHandler
                0x000000000000029a                SPI2_DriverIRQHandler
                0x000000000000029a                LVD_LVW_DriverIRQHandler
                0x000000000000029a                Reserved84_DriverIRQHandler
                0x000000000000029a                PIT0_DriverIRQHandler
                0x000000000000029a                RNG_DriverIRQHandler
                0x000000000000029a                USBDCD_DriverIRQHandler
                0x000000000000029a                UART3_ERR_DriverIRQHandler
                0x000000000000029a                DMA12_DMA28_DriverIRQHandler
                0x000000000000029a                DMA10_DMA26_DriverIRQHandler
                0x000000000000029a                UART0_ERR_DriverIRQHandler
                0x000000000000029a                CMT_DriverIRQHandler
                0x000000000000029a                Reserved71_DriverIRQHandler
                0x000000000000029a                ADC1_DriverIRQHandler
                0x000000000000029a                PORTA_DriverIRQHandler
                0x000000000000029a                DMA1_DMA17_DriverIRQHandler
                0x000000000000029a                PIT3_DriverIRQHandler
                0x000000000000029a                PIT1_DriverIRQHandler
                0x000000000000029a                TPM1_DriverIRQHandler
                0x000000000000029a                WDOG_EWM_DriverIRQHandler
                0x000000000000029a                PDB0_DriverIRQHandler
                0x000000000000029a                DMA8_DMA24_DriverIRQHandler
                0x000000000000029a                DMA6_DMA22_DriverIRQHandler
                0x000000000000029a                RTC_DriverIRQHandler
                0x000000000000029a                I2S0_Rx_DriverIRQHandler
                0x000000000000029a                Read_Collision_DriverIRQHandler
                0x000000000000029a                SWI_DriverIRQHandler
                0x000000000000029a                UART4_ERR_DriverIRQHandler
                0x000000000000029a                DMA11_DMA27_DriverIRQHandler
                0x000000000000029a                DMA4_DMA20_DriverIRQHandler
                0x000000000000029a                DMA9_DMA25_DriverIRQHandler
                0x000000000000029a                I2C1_DriverIRQHandler
                0x000000000000029a                ENET_Receive_DriverIRQHandler
                0x000000000000029a                DMA3_DMA19_DriverIRQHandler
                0x000000000000029a                ENET_Error_DriverIRQHandler
                0x000000000000029a                Reserved85_DriverIRQHandler
                0x000000000000029a                SPI0_DriverIRQHandler
                0x000000000000029a                ADC0_DriverIRQHandler
                0x000000000000029a                USBHS_DriverIRQHandler
                0x000000000000029a                CMP0_DriverIRQHandler
                0x000000000000029a                FTM3_DriverIRQHandler
                0x000000000000029a                DMA5_DMA21_DriverIRQHandler
                0x000000000000029a                DMA15_DMA31_DriverIRQHandler
                0x000000000000029a                UART1_ERR_DriverIRQHandler
                0x000000000000029a                ENET_Transmit_DriverIRQHandler
                0x000000000000029a                PORTD_DriverIRQHandler
                0x000000000000029a                Reserved46_DriverIRQHandler
                0x000000000000029a                PORTE_DriverIRQHandler
                0x000000000000029a                FTFE_DriverIRQHandler
                0x000000000000029a                I2C0_DriverIRQHandler
                0x0000000000000400                . = 0x400
 *fill*         0x000000000000029c      0x164 ff
                0x0000000000000400                PROVIDE (__FLASH_CONFIG_START__, .)
 *(.FlashConfig)
 .FlashConfig   0x0000000000000400       0x10 ./startup/startup_mk66f18.o
                0x0000000000000400                Flash_Config
                0x0000000000000410                PROVIDE (__FLASH_CONFIG_END__, .)
                0x0000000000000001                ASSERT (! ((__FLASH_CONFIG_START__ == __FLASH_CONFIG_END__)), Linker Flash Config Support Enabled, but no .FlashConfig section provided within application)
 *(.text*)
 .text.DbgConsole_Init
                0x0000000000000410       0x38 ./utilities/fsl_debug_console.o
                0x0000000000000410                DbgConsole_Init
 .text.UART_EnableTx
                0x0000000000000448       0x40 ./utilities/fsl_io.o
 .text.UART_EnableRx
                0x0000000000000488       0x40 ./utilities/fsl_io.o
 .text.LPUART_EnableTx
                0x00000000000004c8       0x38 ./utilities/fsl_io.o
 .text.LPUART_EnableRx
                0x0000000000000500       0x38 ./utilities/fsl_io.o
 .text.IO_Init  0x0000000000000538       0xbc ./utilities/fsl_io.o
                0x0000000000000538                IO_Init
 .text.LOG_Init
                0x00000000000005f4       0x30 ./utilities/fsl_log.o
                0x00000000000005f4                LOG_Init
 .text.DMA0_DMA16_IRQHandler
                0x0000000000000624        0x8 ./startup/startup_mk66f18.o
                0x0000000000000624                DMA0_DMA16_IRQHandler
 .text.DMA1_DMA17_IRQHandler
                0x000000000000062c        0x8 ./startup/startup_mk66f18.o
                0x000000000000062c                DMA1_DMA17_IRQHandler
 .text.DMA2_DMA18_IRQHandler
                0x0000000000000634        0x8 ./startup/startup_mk66f18.o
                0x0000000000000634                DMA2_DMA18_IRQHandler
 .text.DMA3_DMA19_IRQHandler
                0x000000000000063c        0x8 ./startup/startup_mk66f18.o
                0x000000000000063c                DMA3_DMA19_IRQHandler
 .text.DMA4_DMA20_IRQHandler
                0x0000000000000644        0x8 ./startup/startup_mk66f18.o
                0x0000000000000644                DMA4_DMA20_IRQHandler
 .text.DMA5_DMA21_IRQHandler
                0x000000000000064c        0x8 ./startup/startup_mk66f18.o
                0x000000000000064c                DMA5_DMA21_IRQHandler
 .text.DMA6_DMA22_IRQHandler
                0x0000000000000654        0x8 ./startup/startup_mk66f18.o
                0x0000000000000654                DMA6_DMA22_IRQHandler
 .text.DMA7_DMA23_IRQHandler
                0x000000000000065c        0x8 ./startup/startup_mk66f18.o
                0x000000000000065c                DMA7_DMA23_IRQHandler
 .text.DMA8_DMA24_IRQHandler
                0x0000000000000664        0x8 ./startup/startup_mk66f18.o
                0x0000000000000664                DMA8_DMA24_IRQHandler
 .text.DMA9_DMA25_IRQHandler
                0x000000000000066c        0x8 ./startup/startup_mk66f18.o
                0x000000000000066c                DMA9_DMA25_IRQHandler
 .text.DMA10_DMA26_IRQHandler
                0x0000000000000674        0x8 ./startup/startup_mk66f18.o
                0x0000000000000674                DMA10_DMA26_IRQHandler
 .text.DMA11_DMA27_IRQHandler
                0x000000000000067c        0x8 ./startup/startup_mk66f18.o
                0x000000000000067c                DMA11_DMA27_IRQHandler
 .text.DMA12_DMA28_IRQHandler
                0x0000000000000684        0x8 ./startup/startup_mk66f18.o
                0x0000000000000684                DMA12_DMA28_IRQHandler
 .text.DMA13_DMA29_IRQHandler
                0x000000000000068c        0x8 ./startup/startup_mk66f18.o
                0x000000000000068c                DMA13_DMA29_IRQHandler
 .text.DMA14_DMA30_IRQHandler
                0x0000000000000694        0x8 ./startup/startup_mk66f18.o
                0x0000000000000694                DMA14_DMA30_IRQHandler
 .text.DMA15_DMA31_IRQHandler
                0x000000000000069c        0x8 ./startup/startup_mk66f18.o
                0x000000000000069c                DMA15_DMA31_IRQHandler
 .text.DMA_Error_IRQHandler
                0x00000000000006a4        0x8 ./startup/startup_mk66f18.o
                0x00000000000006a4                DMA_Error_IRQHandler
 .text.MCM_IRQHandler
                0x00000000000006ac        0x8 ./startup/startup_mk66f18.o
                0x00000000000006ac                MCM_IRQHandler
 .text.FTFE_IRQHandler
                0x00000000000006b4        0x8 ./startup/startup_mk66f18.o
                0x00000000000006b4                FTFE_IRQHandler
 .text.Read_Collision_IRQHandler
                0x00000000000006bc        0x8 ./startup/startup_mk66f18.o
                0x00000000000006bc                Read_Collision_IRQHandler
 .text.LVD_LVW_IRQHandler
                0x00000000000006c4        0x8 ./startup/startup_mk66f18.o
                0x00000000000006c4                LVD_LVW_IRQHandler
 .text.LLWU_IRQHandler
                0x00000000000006cc        0x8 ./startup/startup_mk66f18.o
                0x00000000000006cc                LLWU_IRQHandler
 .text.WDOG_EWM_IRQHandler
                0x00000000000006d4        0x8 ./startup/startup_mk66f18.o
                0x00000000000006d4                WDOG_EWM_IRQHandler
 .text.RNG_IRQHandler
                0x00000000000006dc        0x8 ./startup/startup_mk66f18.o
                0x00000000000006dc                RNG_IRQHandler
 .text.I2C0_IRQHandler
                0x00000000000006e4        0x8 ./startup/startup_mk66f18.o
                0x00000000000006e4                I2C0_IRQHandler
 .text.I2C1_IRQHandler
                0x00000000000006ec        0x8 ./startup/startup_mk66f18.o
                0x00000000000006ec                I2C1_IRQHandler
 .text.SPI0_IRQHandler
                0x00000000000006f4        0x8 ./startup/startup_mk66f18.o
                0x00000000000006f4                SPI0_IRQHandler
 .text.SPI1_IRQHandler
                0x00000000000006fc        0x8 ./startup/startup_mk66f18.o
                0x00000000000006fc                SPI1_IRQHandler
 .text.I2S0_Tx_IRQHandler
                0x0000000000000704        0x8 ./startup/startup_mk66f18.o
                0x0000000000000704                I2S0_Tx_IRQHandler
 .text.I2S0_Rx_IRQHandler
                0x000000000000070c        0x8 ./startup/startup_mk66f18.o
                0x000000000000070c                I2S0_Rx_IRQHandler
 .text.Reserved46_IRQHandler
                0x0000000000000714        0x8 ./startup/startup_mk66f18.o
                0x0000000000000714                Reserved46_IRQHandler
 .text.UART0_RX_TX_IRQHandler
                0x000000000000071c        0x8 ./startup/startup_mk66f18.o
                0x000000000000071c                UART0_RX_TX_IRQHandler
 .text.UART0_ERR_IRQHandler
                0x0000000000000724        0x8 ./startup/startup_mk66f18.o
                0x0000000000000724                UART0_ERR_IRQHandler
 .text.UART1_RX_TX_IRQHandler
                0x000000000000072c        0x8 ./startup/startup_mk66f18.o
                0x000000000000072c                UART1_RX_TX_IRQHandler
 .text.UART1_ERR_IRQHandler
                0x0000000000000734        0x8 ./startup/startup_mk66f18.o
                0x0000000000000734                UART1_ERR_IRQHandler
 .text.UART2_RX_TX_IRQHandler
                0x000000000000073c        0x8 ./startup/startup_mk66f18.o
                0x000000000000073c                UART2_RX_TX_IRQHandler
 .text.UART2_ERR_IRQHandler
                0x0000000000000744        0x8 ./startup/startup_mk66f18.o
                0x0000000000000744                UART2_ERR_IRQHandler
 .text.UART3_RX_TX_IRQHandler
                0x000000000000074c        0x8 ./startup/startup_mk66f18.o
                0x000000000000074c                UART3_RX_TX_IRQHandler
 .text.UART3_ERR_IRQHandler
                0x0000000000000754        0x8 ./startup/startup_mk66f18.o
                0x0000000000000754                UART3_ERR_IRQHandler
 .text.ADC0_IRQHandler
                0x000000000000075c        0x8 ./startup/startup_mk66f18.o
                0x000000000000075c                ADC0_IRQHandler
 .text.CMP0_IRQHandler
                0x0000000000000764        0x8 ./startup/startup_mk66f18.o
                0x0000000000000764                CMP0_IRQHandler
 .text.CMP1_IRQHandler
                0x000000000000076c        0x8 ./startup/startup_mk66f18.o
                0x000000000000076c                CMP1_IRQHandler
 .text.FTM0_IRQHandler
                0x0000000000000774        0x8 ./startup/startup_mk66f18.o
                0x0000000000000774                FTM0_IRQHandler
 .text.FTM1_IRQHandler
                0x000000000000077c        0x8 ./startup/startup_mk66f18.o
                0x000000000000077c                FTM1_IRQHandler
 .text.FTM2_IRQHandler
                0x0000000000000784        0x8 ./startup/startup_mk66f18.o
                0x0000000000000784                FTM2_IRQHandler
 .text.CMT_IRQHandler
                0x000000000000078c        0x8 ./startup/startup_mk66f18.o
                0x000000000000078c                CMT_IRQHandler
 .text.RTC_IRQHandler
                0x0000000000000794        0x8 ./startup/startup_mk66f18.o
                0x0000000000000794                RTC_IRQHandler
 .text.RTC_Seconds_IRQHandler
                0x000000000000079c        0x8 ./startup/startup_mk66f18.o
                0x000000000000079c                RTC_Seconds_IRQHandler
 .text.PIT0_IRQHandler
                0x00000000000007a4        0x8 ./startup/startup_mk66f18.o
                0x00000000000007a4                PIT0_IRQHandler
 .text.PIT1_IRQHandler
                0x00000000000007ac        0x8 ./startup/startup_mk66f18.o
                0x00000000000007ac                PIT1_IRQHandler
 .text.PIT2_IRQHandler
                0x00000000000007b4        0x8 ./startup/startup_mk66f18.o
                0x00000000000007b4                PIT2_IRQHandler
 .text.PIT3_IRQHandler
                0x00000000000007bc        0x8 ./startup/startup_mk66f18.o
                0x00000000000007bc                PIT3_IRQHandler
 .text.PDB0_IRQHandler
                0x00000000000007c4        0x8 ./startup/startup_mk66f18.o
                0x00000000000007c4                PDB0_IRQHandler
 .text.USB0_IRQHandler
                0x00000000000007cc        0x8 ./startup/startup_mk66f18.o
                0x00000000000007cc                USB0_IRQHandler
 .text.USBDCD_IRQHandler
                0x00000000000007d4        0x8 ./startup/startup_mk66f18.o
                0x00000000000007d4                USBDCD_IRQHandler
 .text.Reserved71_IRQHandler
                0x00000000000007dc        0x8 ./startup/startup_mk66f18.o
                0x00000000000007dc                Reserved71_IRQHandler
 .text.DAC0_IRQHandler
                0x00000000000007e4        0x8 ./startup/startup_mk66f18.o
                0x00000000000007e4                DAC0_IRQHandler
 .text.MCG_IRQHandler
                0x00000000000007ec        0x8 ./startup/startup_mk66f18.o
                0x00000000000007ec                MCG_IRQHandler
 .text.LPTMR0_IRQHandler
                0x00000000000007f4        0x8 ./startup/startup_mk66f18.o
                0x00000000000007f4                LPTMR0_IRQHandler
 .text.PORTA_IRQHandler
                0x00000000000007fc        0x8 ./startup/startup_mk66f18.o
                0x00000000000007fc                PORTA_IRQHandler
 .text.PORTB_IRQHandler
                0x0000000000000804        0x8 ./startup/startup_mk66f18.o
                0x0000000000000804                PORTB_IRQHandler
 .text.PORTC_IRQHandler
                0x000000000000080c        0x8 ./startup/startup_mk66f18.o
                0x000000000000080c                PORTC_IRQHandler
 .text.PORTD_IRQHandler
                0x0000000000000814        0x8 ./startup/startup_mk66f18.o
                0x0000000000000814                PORTD_IRQHandler
 .text.PORTE_IRQHandler
                0x000000000000081c        0x8 ./startup/startup_mk66f18.o
                0x000000000000081c                PORTE_IRQHandler
 .text.SWI_IRQHandler
                0x0000000000000824        0x8 ./startup/startup_mk66f18.o
                0x0000000000000824                SWI_IRQHandler
 .text.SPI2_IRQHandler
                0x000000000000082c        0x8 ./startup/startup_mk66f18.o
                0x000000000000082c                SPI2_IRQHandler
 .text.UART4_RX_TX_IRQHandler
                0x0000000000000834        0x8 ./startup/startup_mk66f18.o
                0x0000000000000834                UART4_RX_TX_IRQHandler
 .text.UART4_ERR_IRQHandler
                0x000000000000083c        0x8 ./startup/startup_mk66f18.o
                0x000000000000083c                UART4_ERR_IRQHandler
 .text.Reserved84_IRQHandler
                0x0000000000000844        0x8 ./startup/startup_mk66f18.o
                0x0000000000000844                Reserved84_IRQHandler
 .text.Reserved85_IRQHandler
                0x000000000000084c        0x8 ./startup/startup_mk66f18.o
                0x000000000000084c                Reserved85_IRQHandler
 .text.CMP2_IRQHandler
                0x0000000000000854        0x8 ./startup/startup_mk66f18.o
                0x0000000000000854                CMP2_IRQHandler
 .text.FTM3_IRQHandler
                0x000000000000085c        0x8 ./startup/startup_mk66f18.o
                0x000000000000085c                FTM3_IRQHandler
 .text.DAC1_IRQHandler
                0x0000000000000864        0x8 ./startup/startup_mk66f18.o
                0x0000000000000864                DAC1_IRQHandler
 .text.ADC1_IRQHandler
                0x000000000000086c        0x8 ./startup/startup_mk66f18.o
                0x000000000000086c                ADC1_IRQHandler
 .text.I2C2_IRQHandler
                0x0000000000000874        0x8 ./startup/startup_mk66f18.o
                0x0000000000000874                I2C2_IRQHandler
 .text.CAN0_ORed_Message_buffer_IRQHandler
                0x000000000000087c        0x8 ./startup/startup_mk66f18.o
                0x000000000000087c                CAN0_ORed_Message_buffer_IRQHandler
 .text.CAN0_Bus_Off_IRQHandler
                0x0000000000000884        0x8 ./startup/startup_mk66f18.o
                0x0000000000000884                CAN0_Bus_Off_IRQHandler
 .text.CAN0_Error_IRQHandler
                0x000000000000088c        0x8 ./startup/startup_mk66f18.o
                0x000000000000088c                CAN0_Error_IRQHandler
 .text.CAN0_Tx_Warning_IRQHandler
                0x0000000000000894        0x8 ./startup/startup_mk66f18.o
                0x0000000000000894                CAN0_Tx_Warning_IRQHandler
 .text.CAN0_Rx_Warning_IRQHandler
                0x000000000000089c        0x8 ./startup/startup_mk66f18.o
                0x000000000000089c                CAN0_Rx_Warning_IRQHandler
 .text.CAN0_Wake_Up_IRQHandler
                0x00000000000008a4        0x8 ./startup/startup_mk66f18.o
                0x00000000000008a4                CAN0_Wake_Up_IRQHandler
 .text.SDHC_IRQHandler
                0x00000000000008ac        0x8 ./startup/startup_mk66f18.o
                0x00000000000008ac                SDHC_IRQHandler
 .text.ENET_1588_Timer_IRQHandler
                0x00000000000008b4        0x8 ./startup/startup_mk66f18.o
                0x00000000000008b4                ENET_1588_Timer_IRQHandler
 .text.ENET_Transmit_IRQHandler
                0x00000000000008bc        0x8 ./startup/startup_mk66f18.o
                0x00000000000008bc                ENET_Transmit_IRQHandler
 .text.ENET_Receive_IRQHandler
                0x00000000000008c4        0x8 ./startup/startup_mk66f18.o
                0x00000000000008c4                ENET_Receive_IRQHandler
 .text.ENET_Error_IRQHandler
                0x00000000000008cc        0x8 ./startup/startup_mk66f18.o
                0x00000000000008cc                ENET_Error_IRQHandler
 .text.LPUART0_IRQHandler
                0x00000000000008d4        0x8 ./startup/startup_mk66f18.o
                0x00000000000008d4                LPUART0_IRQHandler
 .text.TSI0_IRQHandler
                0x00000000000008dc        0x8 ./startup/startup_mk66f18.o
                0x00000000000008dc                TSI0_IRQHandler
 .text.TPM1_IRQHandler
                0x00000000000008e4        0x8 ./startup/startup_mk66f18.o
                0x00000000000008e4                TPM1_IRQHandler
 .text.TPM2_IRQHandler
                0x00000000000008ec        0x8 ./startup/startup_mk66f18.o
                0x00000000000008ec                TPM2_IRQHandler
 .text.USBHSDCD_IRQHandler
                0x00000000000008f4        0x8 ./startup/startup_mk66f18.o
                0x00000000000008f4                USBHSDCD_IRQHandler
 .text.I2C3_IRQHandler
                0x00000000000008fc        0x8 ./startup/startup_mk66f18.o
                0x00000000000008fc                I2C3_IRQHandler
 .text.CMP3_IRQHandler
                0x0000000000000904        0x8 ./startup/startup_mk66f18.o
                0x0000000000000904                CMP3_IRQHandler
 .text.USBHS_IRQHandler
                0x000000000000090c        0x8 ./startup/startup_mk66f18.o
                0x000000000000090c                USBHS_IRQHandler
 .text.CAN1_ORed_Message_buffer_IRQHandler
                0x0000000000000914        0x8 ./startup/startup_mk66f18.o
                0x0000000000000914                CAN1_ORed_Message_buffer_IRQHandler
 .text.CAN1_Bus_Off_IRQHandler
                0x000000000000091c        0x8 ./startup/startup_mk66f18.o
                0x000000000000091c                CAN1_Bus_Off_IRQHandler
 .text.CAN1_Error_IRQHandler
                0x0000000000000924        0x8 ./startup/startup_mk66f18.o
                0x0000000000000924                CAN1_Error_IRQHandler
 .text.CAN1_Tx_Warning_IRQHandler
                0x000000000000092c        0x8 ./startup/startup_mk66f18.o
                0x000000000000092c                CAN1_Tx_Warning_IRQHandler
 .text.CAN1_Rx_Warning_IRQHandler
                0x0000000000000934        0x8 ./startup/startup_mk66f18.o
                0x0000000000000934                CAN1_Rx_Warning_IRQHandler
 .text.CAN1_Wake_Up_IRQHandler
                0x000000000000093c        0x8 ./startup/startup_mk66f18.o
                0x000000000000093c                CAN1_Wake_Up_IRQHandler
 .text.flexcan_callback
                0x0000000000000944      0x218 ./source/FlexCAN_Functions.o
 .text.FlexCAN0_TX4
                0x0000000000000b5c       0x50 ./source/FlexCAN_Functions.o
                0x0000000000000b5c                FlexCAN0_TX4
 .text.FlexCAN0_TX5
                0x0000000000000bac       0x50 ./source/FlexCAN_Functions.o
                0x0000000000000bac                FlexCAN0_TX5
 .text.FlexCAN0_TX6
                0x0000000000000bfc       0x50 ./source/FlexCAN_Functions.o
                0x0000000000000bfc                FlexCAN0_TX6
 .text.FlexCAN0_TX7
                0x0000000000000c4c       0x50 ./source/FlexCAN_Functions.o
                0x0000000000000c4c                FlexCAN0_TX7
 .text.FlexCAN0_TX8
                0x0000000000000c9c       0x50 ./source/FlexCAN_Functions.o
                0x0000000000000c9c                FlexCAN0_TX8
 .text.FlexCAN0_TX9
                0x0000000000000cec       0x50 ./source/FlexCAN_Functions.o
                0x0000000000000cec                FlexCAN0_TX9
 .text.FlexCAN0_TX10
                0x0000000000000d3c       0x50 ./source/FlexCAN_Functions.o
                0x0000000000000d3c                FlexCAN0_TX10
 .text.FlexCAN0_TX11
                0x0000000000000d8c       0x50 ./source/FlexCAN_Functions.o
                0x0000000000000d8c                FlexCAN0_TX11
 .text.FlexCAN_Init
                0x0000000000000ddc      0x11c ./source/FlexCAN_Functions.o
                0x0000000000000ddc                FlexCAN_Init
 .text.__NVIC_SetPriority
                0x0000000000000ef8       0x54 ./source/Node.o
 .text.SysTick_Config
                0x0000000000000f4c       0x44 ./source/Node.o
 .text.GPIO_PortToggle
                0x0000000000000f90       0x1c ./source/Node.o
 .text.main     0x0000000000000fac      0x508 ./source/Node.o
                0x0000000000000fac                main
 .text.SysTick_Handler
                0x00000000000014b4       0x1c ./source/Node.o
                0x00000000000014b4                SysTick_Handler
 .text.UART_UserCallback
                0x00000000000014d0      0x18c ./source/UART_Functions.o
                0x00000000000014d0                UART_UserCallback
 .text.UART0_Tx
                0x000000000000165c       0x38 ./source/UART_Functions.o
                0x000000000000165c                UART0_Tx
 .text.UART0_Init
                0x0000000000001694       0x70 ./source/UART_Functions.o
                0x0000000000001694                UART0_Init
 .text.HardFault_Handler
                0x0000000000001704       0x2a ./source/semihost_hardfault.o
                0x0000000000001704                HardFault_Handler
 .text.CLOCK_EnableClock
                0x000000000000172e       0x34 ./drivers/fsl_clock.o
 .text.CLOCK_DisableClock
                0x0000000000001762       0x38 ./drivers/fsl_clock.o
 *fill*         0x000000000000179a        0x2 ff
 .text.CLOCK_SetEr32kClock
                0x000000000000179c       0x30 ./drivers/fsl_clock.o
 .text.CLOCK_SetPllFllSelClock
                0x00000000000017cc       0x58 ./drivers/fsl_clock.o
 .text.OSC_SetExtRefClkConfig
                0x0000000000001824       0x40 ./drivers/fsl_clock.o
 .text.OSC_SetCapLoad
                0x0000000000001864       0x34 ./drivers/fsl_clock.o
 .text.CLOCK_GetMcgExtClkFreq
                0x0000000000001898       0x78 ./drivers/fsl_clock.o
 .text.CLOCK_GetFllExtRefClkFreq
                0x0000000000001910       0xd0 ./drivers/fsl_clock.o
 .text.CLOCK_GetInternalRefClkSelectFreq
                0x00000000000019e0       0x44 ./drivers/fsl_clock.o
 .text.CLOCK_GetFllRefClkFreq
                0x0000000000001a24       0x2c ./drivers/fsl_clock.o
 .text.CLOCK_GetPll0RefFreq
                0x0000000000001a50        0xe ./drivers/fsl_clock.o
 *fill*         0x0000000000001a5e        0x2 ff
 .text.CLOCK_GetOscRangeFromFreq
                0x0000000000001a60       0x3c ./drivers/fsl_clock.o
 .text.CLOCK_GetOsc0ErClkUndivFreq
                0x0000000000001a9c       0x38 ./drivers/fsl_clock.o
                0x0000000000001a9c                CLOCK_GetOsc0ErClkUndivFreq
 .text.CLOCK_GetOsc0ErClkDivFreq
                0x0000000000001ad4       0x48 ./drivers/fsl_clock.o
                0x0000000000001ad4                CLOCK_GetOsc0ErClkDivFreq
 .text.CLOCK_GetEr32kClkFreq
                0x0000000000001b1c       0x70 ./drivers/fsl_clock.o
                0x0000000000001b1c                CLOCK_GetEr32kClkFreq
 .text.CLOCK_GetPllFllSelClkFreq
                0x0000000000001b8c       0x90 ./drivers/fsl_clock.o
                0x0000000000001b8c                CLOCK_GetPllFllSelClkFreq
 .text.CLOCK_GetCoreSysClkFreq
                0x0000000000001c1c       0x28 ./drivers/fsl_clock.o
                0x0000000000001c1c                CLOCK_GetCoreSysClkFreq
 .text.CLOCK_GetFreq
                0x0000000000001c44      0x150 ./drivers/fsl_clock.o
                0x0000000000001c44                CLOCK_GetFreq
 .text.CLOCK_SetSimConfig
                0x0000000000001d94       0x44 ./drivers/fsl_clock.o
                0x0000000000001d94                CLOCK_SetSimConfig
 .text.CLOCK_EnableUsbfs0Clock
                0x0000000000001dd8      0x114 ./drivers/fsl_clock.o
                0x0000000000001dd8                CLOCK_EnableUsbfs0Clock
 .text.CLOCK_GetOutClkFreq
                0x0000000000001eec       0x90 ./drivers/fsl_clock.o
                0x0000000000001eec                CLOCK_GetOutClkFreq
 .text.CLOCK_GetFllFreq
                0x0000000000001f7c       0x7c ./drivers/fsl_clock.o
                0x0000000000001f7c                CLOCK_GetFllFreq
 .text.CLOCK_GetInternalRefClkFreq
                0x0000000000001ff8       0x24 ./drivers/fsl_clock.o
                0x0000000000001ff8                CLOCK_GetInternalRefClkFreq
 .text.CLOCK_GetFixedFreqClkFreq
                0x000000000000201c       0x2e ./drivers/fsl_clock.o
                0x000000000000201c                CLOCK_GetFixedFreqClkFreq
 *fill*         0x000000000000204a        0x2 ff
 .text.CLOCK_GetPll0Freq
                0x000000000000204c       0x6c ./drivers/fsl_clock.o
                0x000000000000204c                CLOCK_GetPll0Freq
 .text.CLOCK_GetExtPllFreq
                0x00000000000020b8       0x18 ./drivers/fsl_clock.o
                0x00000000000020b8                CLOCK_GetExtPllFreq
 .text.CLOCK_SetExtPllFreq
                0x00000000000020d0       0x20 ./drivers/fsl_clock.o
                0x00000000000020d0                CLOCK_SetExtPllFreq
 .text.CLOCK_SetExternalRefClkConfig
                0x00000000000020f0       0x6c ./drivers/fsl_clock.o
                0x00000000000020f0                CLOCK_SetExternalRefClkConfig
 .text.CLOCK_SetInternalRefClkConfig
                0x000000000000215c      0x104 ./drivers/fsl_clock.o
                0x000000000000215c                CLOCK_SetInternalRefClkConfig
 .text.CLOCK_EnablePll0
                0x0000000000002260       0x84 ./drivers/fsl_clock.o
                0x0000000000002260                CLOCK_EnablePll0
 .text.CLOCK_InitOsc0
                0x00000000000022e4       0x8c ./drivers/fsl_clock.o
                0x00000000000022e4                CLOCK_InitOsc0
 .text.CLOCK_SetPbeMode
                0x0000000000002370       0xe8 ./drivers/fsl_clock.o
                0x0000000000002370                CLOCK_SetPbeMode
 .text.CLOCK_BootToPeeMode
                0x0000000000002458       0x68 ./drivers/fsl_clock.o
                0x0000000000002458                CLOCK_BootToPeeMode
 .text.__NVIC_EnableIRQ
                0x00000000000024c0       0x3c ./drivers/fsl_flexcan.o
 .text.CLOCK_EnableClock
                0x00000000000024fc       0x34 ./drivers/fsl_flexcan.o
 .text.EnableIRQ
                0x0000000000002530       0x2c ./drivers/fsl_flexcan.o
 .text.FLEXCAN_ClearStatusFlags
                0x000000000000255c       0x1c ./drivers/fsl_flexcan.o
 .text.FLEXCAN_GetMbStatusFlags
                0x0000000000002578       0x1e ./drivers/fsl_flexcan.o
 .text.FLEXCAN_ClearMbStatusFlags
                0x0000000000002596       0x1c ./drivers/fsl_flexcan.o
 .text.FLEXCAN_EnableInterrupts
                0x00000000000025b2       0x3c ./drivers/fsl_flexcan.o
 .text.FLEXCAN_DisableInterrupts
                0x00000000000025ee       0x3e ./drivers/fsl_flexcan.o
 .text.FLEXCAN_EnableMbInterrupts
                0x000000000000262c       0x22 ./drivers/fsl_flexcan.o
 .text.FLEXCAN_DisableMbInterrupts
                0x000000000000264e       0x24 ./drivers/fsl_flexcan.o
 .text.FLEXCAN_Enable
                0x0000000000002672       0x54 ./drivers/fsl_flexcan.o
 *fill*         0x00000000000026c6        0x2 ff
 .text.FLEXCAN_GetInstance
                0x00000000000026c8       0x4c ./drivers/fsl_flexcan.o
                0x00000000000026c8                FLEXCAN_GetInstance
 .text.FLEXCAN_EnterFreezeMode
                0x0000000000002714       0x2e ./drivers/fsl_flexcan.o
 .text.FLEXCAN_ExitFreezeMode
                0x0000000000002742       0x2e ./drivers/fsl_flexcan.o
 .text.FLEXCAN_IsMbOccupied
                0x0000000000002770       0x52 ./drivers/fsl_flexcan.o
 *fill*         0x00000000000027c2        0x2 ff
 .text.FLEXCAN_IsMbIntEnabled
                0x00000000000027c4       0x3c ./drivers/fsl_flexcan.o
 .text.FLEXCAN_Reset
                0x0000000000002800       0xcc ./drivers/fsl_flexcan.o
 .text.FLEXCAN_SetBaudRate
                0x00000000000028cc       0x8c ./drivers/fsl_flexcan.o
 .text.FLEXCAN_Init
                0x0000000000002958      0x108 ./drivers/fsl_flexcan.o
                0x0000000000002958                FLEXCAN_Init
 .text.FLEXCAN_GetDefaultConfig
                0x0000000000002a60       0x48 ./drivers/fsl_flexcan.o
                0x0000000000002a60                FLEXCAN_GetDefaultConfig
 .text.FLEXCAN_SetTimingConfig
                0x0000000000002aa8       0x7c ./drivers/fsl_flexcan.o
                0x0000000000002aa8                FLEXCAN_SetTimingConfig
 .text.FLEXCAN_SetTxMbConfig
                0x0000000000002b24       0xa4 ./drivers/fsl_flexcan.o
                0x0000000000002b24                FLEXCAN_SetTxMbConfig
 .text.FLEXCAN_SetRxMbConfig
                0x0000000000002bc8       0xf8 ./drivers/fsl_flexcan.o
                0x0000000000002bc8                FLEXCAN_SetRxMbConfig
 .text.FLEXCAN_WriteTxMb
                0x0000000000002cc0      0x144 ./drivers/fsl_flexcan.o
                0x0000000000002cc0                FLEXCAN_WriteTxMb
 .text.FLEXCAN_ReadRxMb
                0x0000000000002e04      0x118 ./drivers/fsl_flexcan.o
                0x0000000000002e04                FLEXCAN_ReadRxMb
 .text.FLEXCAN_ReadRxFifo
                0x0000000000002f1c       0xbc ./drivers/fsl_flexcan.o
                0x0000000000002f1c                FLEXCAN_ReadRxFifo
 .text.FLEXCAN_TransferCreateHandle
                0x0000000000002fd8       0xe0 ./drivers/fsl_flexcan.o
                0x0000000000002fd8                FLEXCAN_TransferCreateHandle
 .text.FLEXCAN_TransferSendNonBlocking
                0x00000000000030b8      0x110 ./drivers/fsl_flexcan.o
                0x00000000000030b8                FLEXCAN_TransferSendNonBlocking
 .text.FLEXCAN_TransferReceiveNonBlocking
                0x00000000000031c8       0xc4 ./drivers/fsl_flexcan.o
                0x00000000000031c8                FLEXCAN_TransferReceiveNonBlocking
 .text.FLEXCAN_TransferAbortSend
                0x000000000000328c       0x94 ./drivers/fsl_flexcan.o
                0x000000000000328c                FLEXCAN_TransferAbortSend
 .text.FLEXCAN_TransferAbortReceive
                0x0000000000003320       0x88 ./drivers/fsl_flexcan.o
                0x0000000000003320                FLEXCAN_TransferAbortReceive
 .text.FLEXCAN_TransferAbortReceiveFifo
                0x00000000000033a8       0x44 ./drivers/fsl_flexcan.o
                0x00000000000033a8                FLEXCAN_TransferAbortReceiveFifo
 .text.FLEXCAN_TransferHandleIRQ
                0x00000000000033ec      0x21c ./drivers/fsl_flexcan.o
                0x00000000000033ec                FLEXCAN_TransferHandleIRQ
 .text.CAN0_DriverIRQHandler
                0x0000000000003608       0x38 ./drivers/fsl_flexcan.o
                0x0000000000003608                CAN0_DriverIRQHandler
 .text.CAN1_DriverIRQHandler
                0x0000000000003640       0x38 ./drivers/fsl_flexcan.o
                0x0000000000003640                CAN1_DriverIRQHandler
 .text.GPIO_PinWrite
                0x0000000000003678       0x36 ./drivers/fsl_gpio.o
 .text.GPIO_WritePinOutput
                0x00000000000036ae       0x22 ./drivers/fsl_gpio.o
 .text.GPIO_PinInit
                0x00000000000036d0       0x64 ./drivers/fsl_gpio.o
                0x00000000000036d0                GPIO_PinInit
 .text.CLOCK_EnableClock
                0x0000000000003734       0x34 ./drivers/fsl_lpuart.o
 .text.LPUART_GetInstance
                0x0000000000003768       0x44 ./drivers/fsl_lpuart.o
                0x0000000000003768                LPUART_GetInstance
 .text.LPUART_Init
                0x00000000000037ac      0x290 ./drivers/fsl_lpuart.o
                0x00000000000037ac                LPUART_Init
 .text.LPUART_GetDefaultConfig
                0x0000000000003a3c       0x70 ./drivers/fsl_lpuart.o
                0x0000000000003a3c                LPUART_GetDefaultConfig
 .text.LPUART0_DriverIRQHandler
                0x0000000000003aac       0x28 ./drivers/fsl_lpuart.o
                0x0000000000003aac                LPUART0_DriverIRQHandler
 .text.SMC_SetPowerModeHsrun
                0x0000000000003ad4       0x32 ./drivers/fsl_smc.o
                0x0000000000003ad4                SMC_SetPowerModeHsrun
 *fill*         0x0000000000003b06        0x2 ff
 .text.__NVIC_EnableIRQ
                0x0000000000003b08       0x3c ./drivers/fsl_uart.o
 .text.CLOCK_EnableClock
                0x0000000000003b44       0x34 ./drivers/fsl_uart.o
 .text.EnableIRQ
                0x0000000000003b78       0x2c ./drivers/fsl_uart.o
 .text.UART_GetInstance
                0x0000000000003ba4       0x54 ./drivers/fsl_uart.o
                0x0000000000003ba4                UART_GetInstance
 .text.UART_TransferGetRxRingBufferLength
                0x0000000000003bf8       0x60 ./drivers/fsl_uart.o
                0x0000000000003bf8                UART_TransferGetRxRingBufferLength
 .text.UART_TransferIsRxRingBufferFull
                0x0000000000003c58       0x40 ./drivers/fsl_uart.o
 .text.UART_Init
                0x0000000000003c98      0x2d8 ./drivers/fsl_uart.o
                0x0000000000003c98                UART_Init
 .text.UART_GetDefaultConfig
                0x0000000000003f70       0x60 ./drivers/fsl_uart.o
                0x0000000000003f70                UART_GetDefaultConfig
 .text.UART_EnableInterrupts
                0x0000000000003fd0       0x70 ./drivers/fsl_uart.o
                0x0000000000003fd0                UART_EnableInterrupts
 .text.UART_DisableInterrupts
                0x0000000000004040       0x80 ./drivers/fsl_uart.o
                0x0000000000004040                UART_DisableInterrupts
 .text.UART_WriteNonBlocking
                0x00000000000040c0       0x44 ./drivers/fsl_uart.o
 .text.UART_ReadNonBlocking
                0x0000000000004104       0x48 ./drivers/fsl_uart.o
 .text.UART_TransferCreateHandle
                0x000000000000414c       0x84 ./drivers/fsl_uart.o
                0x000000000000414c                UART_TransferCreateHandle
 .text.UART_TransferSendNonBlocking
                0x00000000000041d0       0x9c ./drivers/fsl_uart.o
                0x00000000000041d0                UART_TransferSendNonBlocking
 .text.UART_TransferReceiveNonBlocking
                0x000000000000426c      0x1b0 ./drivers/fsl_uart.o
                0x000000000000426c                UART_TransferReceiveNonBlocking
 .text.UART_TransferHandleIRQ
                0x000000000000441c      0x510 ./drivers/fsl_uart.o
                0x000000000000441c                UART_TransferHandleIRQ
 .text.UART0_DriverIRQHandler
                0x000000000000492c       0x28 ./drivers/fsl_uart.o
                0x000000000000492c                UART0_DriverIRQHandler
 .text.UART0_RX_TX_DriverIRQHandler
                0x0000000000004954       0x10 ./drivers/fsl_uart.o
                0x0000000000004954                UART0_RX_TX_DriverIRQHandler
 .text.UART1_DriverIRQHandler
                0x0000000000004964       0x28 ./drivers/fsl_uart.o
                0x0000000000004964                UART1_DriverIRQHandler
 .text.UART1_RX_TX_DriverIRQHandler
                0x000000000000498c       0x10 ./drivers/fsl_uart.o
                0x000000000000498c                UART1_RX_TX_DriverIRQHandler
 .text.UART2_DriverIRQHandler
                0x000000000000499c       0x28 ./drivers/fsl_uart.o
                0x000000000000499c                UART2_DriverIRQHandler
 .text.UART2_RX_TX_DriverIRQHandler
                0x00000000000049c4       0x10 ./drivers/fsl_uart.o
                0x00000000000049c4                UART2_RX_TX_DriverIRQHandler
 .text.UART3_DriverIRQHandler
                0x00000000000049d4       0x28 ./drivers/fsl_uart.o
                0x00000000000049d4                UART3_DriverIRQHandler
 .text.UART3_RX_TX_DriverIRQHandler
                0x00000000000049fc       0x10 ./drivers/fsl_uart.o
                0x00000000000049fc                UART3_RX_TX_DriverIRQHandler
 .text.UART4_DriverIRQHandler
                0x0000000000004a0c       0x28 ./drivers/fsl_uart.o
                0x0000000000004a0c                UART4_DriverIRQHandler
 .text.UART4_RX_TX_DriverIRQHandler
                0x0000000000004a34       0x10 ./drivers/fsl_uart.o
                0x0000000000004a34                UART4_RX_TX_DriverIRQHandler
 .text.BOARD_InitDebugConsole
                0x0000000000004a44       0x28 ./board/board.o
                0x0000000000004a44                BOARD_InitDebugConsole
 .text.CLOCK_EnableClock
                0x0000000000004a6c       0x34 ./board/clock_config.o
 .text.CLOCK_DisableClock
                0x0000000000004aa0       0x38 ./board/clock_config.o
 .text.CLOCK_SetLpuartClock
                0x0000000000004ad8       0x3c ./board/clock_config.o
 .text.CLOCK_SetTpmClock
                0x0000000000004b14       0x3c ./board/clock_config.o
 .text.CLOCK_SetTraceClock
                0x0000000000004b50       0x58 ./board/clock_config.o
 .text.CLOCK_SetClkOutClock
                0x0000000000004ba8       0x38 ./board/clock_config.o
 .text.CLOCK_SetRtcClkOutClock
                0x0000000000004be0       0x3c ./board/clock_config.o
 .text.CLOCK_SetSimSafeDivs
                0x0000000000004c1c       0x24 ./board/clock_config.o
 .text.CLOCK_SetXtal0Freq
                0x0000000000004c40       0x20 ./board/clock_config.o
 .text.CLOCK_SetXtal32Freq
                0x0000000000004c60       0x20 ./board/clock_config.o
 .text.SMC_SetPowerModeProtection
                0x0000000000004c80       0x1e ./board/clock_config.o
 .text.SMC_GetPowerModeState
                0x0000000000004c9e       0x1a ./board/clock_config.o
 .text.RTC_SetOscCapLoad
                0x0000000000004cb8       0x32 ./board/clock_config.o
 *fill*         0x0000000000004cea        0x2 ff
 .text.CLOCK_CONFIG_SetRtcClock
                0x0000000000004cec       0x84 ./board/clock_config.o
 .text.CLOCK_CONFIG_EnableUsbhs0PhyPllClock
                0x0000000000004d70       0xfc ./board/clock_config.o
 .text.CLOCK_CONFIG_EnableUsbhs0PfdClock
                0x0000000000004e6c       0xb4 ./board/clock_config.o
 .text.CLOCK_CONFIG_SetUsbSlowClock
                0x0000000000004f20       0x3c ./board/clock_config.o
 .text.CLOCK_CONFIG_SetFllExtRefDiv
                0x0000000000004f5c       0x3c ./board/clock_config.o
 .text.BOARD_BootClockRUN
                0x0000000000004f98       0xcc ./board/clock_config.o
                0x0000000000004f98                BOARD_BootClockRUN
 .text.CLOCK_EnableClock
                0x0000000000005064       0x34 ./board/pin_mux.o
 .text.PORT_SetPinMux
                0x0000000000005098       0x3a ./board/pin_mux.o
 *fill*         0x00000000000050d2        0x2 ff
 .text.BOARD_InitPins
                0x00000000000050d4       0xac ./board/pin_mux.o
                0x00000000000050d4                BOARD_InitPins
 .text.SystemInit
                0x0000000000005180       0x3c ./CMSIS/system_MK66F18.o
                0x0000000000005180                SystemInit
 .text.SystemInitHook
                0x00000000000051bc        0xe ./CMSIS/system_MK66F18.o
                0x00000000000051bc                SystemInitHook
 .text.__main   0x00000000000051ca        0xe /usr/local/mcuxpressoide-10.2.0_759/ide/tools/bin/../lib/gcc/arm-none-eabi/7.2.1/../../../../arm-none-eabi/lib/thumb/v7e-m/fpv4-sp/hard/libcr_semihost_nf.a(_cr__main.o)
                0x00000000000051ca                __main
                0x00000000000051ca                __CR_SEMIHOST
 .text.__assertion_failed
                0x00000000000051d8       0x4c /usr/local/mcuxpressoide-10.2.0_759/ide/tools/bin/../lib/gcc/arm-none-eabi/7.2.1/../../../../arm-none-eabi/lib/thumb/v7e-m/fpv4-sp/hard/libcr_semihost_nf.a(_cr_assert.o)
                0x00000000000051d8                __assertion_failed
 .text.__sys_appexit
                0x0000000000005224        0xc /usr/local/mcuxpressoide-10.2.0_759/ide/tools/bin/../lib/gcc/arm-none-eabi/7.2.1/../../../../arm-none-eabi/lib/thumb/v7e-m/fpv4-sp/hard/libcr_semihost_nf.a(__sys_appexit.o)
                0x0000000000005224                __exit
                0x0000000000005224                __sys_appexit
 .text.memcpy   0x0000000000005230        0x4 /usr/local/mcuxpressoide-10.2.0_759/ide/tools/bin/../lib/gcc/arm-none-eabi/7.2.1/../../../../arm-none-eabi/lib/thumb/v7e-m/fpv4-sp/hard/libcr_c.a(memcpy.o)
                0x0000000000005230                memcpy
 .text.memset   0x0000000000005234        0x4 /usr/local/mcuxpressoide-10.2.0_759/ide/tools/bin/../lib/gcc/arm-none-eabi/7.2.1/../../../../arm-none-eabi/lib/thumb/v7e-m/fpv4-sp/hard/libcr_c.a(memset.o)
                0x0000000000005234                memset
 .text._deferredlazyseek
                0x0000000000005238       0x40 /usr/local/mcuxpressoide-10.2.0_759/ide/tools/bin/../lib/gcc/arm-none-eabi/7.2.1/../../../../arm-none-eabi/lib/thumb/v7e-m/fpv4-sp/hard/libcr_c.a(_deferredlazyseek.o)
                0x0000000000005238                _deferredlazyseek
 .text.__flsbuf
                0x0000000000005278      0x140 /usr/local/mcuxpressoide-10.2.0_759/ide/tools/bin/../lib/gcc/arm-none-eabi/7.2.1/../../../../arm-none-eabi/lib/thumb/v7e-m/fpv4-sp/hard/libcr_c.a(_deferredlazyseek.o)
                0x0000000000005278                __flsbuf
 .text._fflush  0x00000000000053b8       0x52 /usr/local/mcuxpressoide-10.2.0_759/ide/tools/bin/../lib/gcc/arm-none-eabi/7.2.1/../../../../arm-none-eabi/lib/thumb/v7e-m/fpv4-sp/hard/libcr_c.a(_fflush.o)
                0x00000000000053b8                _fflush
 *fill*         0x000000000000540a        0x2 ff
 .text._Cwritebuf
                0x000000000000540c       0x6c /usr/local/mcuxpressoide-10.2.0_759/ide/tools/bin/../lib/gcc/arm-none-eabi/7.2.1/../../../../arm-none-eabi/lib/thumb/v7e-m/fpv4-sp/hard/libcr_c.a(_writebuf.o)
                0x000000000000540c                _Cwritebuf
 .text.malloc   0x0000000000005478       0xc8 /usr/local/mcuxpressoide-10.2.0_759/ide/tools/bin/../lib/gcc/arm-none-eabi/7.2.1/../../../../arm-none-eabi/lib/thumb/v7e-m/fpv4-sp/hard/libcr_c.a(alloc.o)
                0x0000000000005478                malloc
 .text.free     0x0000000000005540       0x30 /usr/local/mcuxpressoide-10.2.0_759/ide/tools/bin/../lib/gcc/arm-none-eabi/7.2.1/../../../../arm-none-eabi/lib/thumb/v7e-m/fpv4-sp/hard/libcr_c.a(alloc.o)
                0x0000000000005540                free
 .text._Csys_alloc
                0x0000000000005570       0x20 /usr/local/mcuxpressoide-10.2.0_759/ide/tools/bin/../lib/gcc/arm-none-eabi/7.2.1/../../../../arm-none-eabi/lib/thumb/v7e-m/fpv4-sp/hard/libcr_c.a(alloc.o)
                0x0000000000005570                _Csys_alloc
 .text.fputs    0x0000000000005590       0x2c /usr/local/mcuxpressoide-10.2.0_759/ide/tools/bin/../lib/gcc/arm-none-eabi/7.2.1/../../../../arm-none-eabi/lib/thumb/v7e-m/fpv4-sp/hard/libcr_c.a(fputs.o)
                0x0000000000005590                fputs
 .text.fseek    0x00000000000055bc      0x100 /usr/local/mcuxpressoide-10.2.0_759/ide/tools/bin/../lib/gcc/arm-none-eabi/7.2.1/../../../../arm-none-eabi/lib/thumb/v7e-m/fpv4-sp/hard/libcr_c.a(fseek.o)
                0x00000000000055bc                fseek
 .text.ftell    0x00000000000056bc       0x44 /usr/local/mcuxpressoide-10.2.0_759/ide/tools/bin/../lib/gcc/arm-none-eabi/7.2.1/../../../../arm-none-eabi/lib/thumb/v7e-m/fpv4-sp/hard/libcr_c.a(ftell.o)
                0x00000000000056bc                ftell
 .text._initio  0x0000000000005700       0x78 /usr/local/mcuxpressoide-10.2.0_759/ide/tools/bin/../lib/gcc/arm-none-eabi/7.2.1/../../../../arm-none-eabi/lib/thumb/v7e-m/fpv4-sp/hard/libcr_c.a(initio.o)
                0x0000000000005700                _initio
 .text.setvbuf  0x0000000000005778       0x40 /usr/local/mcuxpressoide-10.2.0_759/ide/tools/bin/../lib/gcc/arm-none-eabi/7.2.1/../../../../arm-none-eabi/lib/thumb/v7e-m/fpv4-sp/hard/libcr_c.a(setvbuf.o)
                0x0000000000005778                setvbuf
 .text.strcpy   0x00000000000057b8       0x42 /usr/local/mcuxpressoide-10.2.0_759/ide/tools/bin/../lib/gcc/arm-none-eabi/7.2.1/../../../../arm-none-eabi/lib/thumb/v7e-m/fpv4-sp/hard/libcr_c.a(strcpy.o)
                0x00000000000057b8                strcpy
 .text.strlen   0x00000000000057fa       0x4a /usr/local/mcuxpressoide-10.2.0_759/ide/tools/bin/../lib/gcc/arm-none-eabi/7.2.1/../../../../arm-none-eabi/lib/thumb/v7e-m/fpv4-sp/hard/libcr_c.a(strlen.o)
                0x00000000000057fa                strlen
 .text._sbrk    0x0000000000005844       0x3c /usr/local/mcuxpressoide-10.2.0_759/ide/tools/bin/../lib/gcc/arm-none-eabi/7.2.1/../../../../arm-none-eabi/lib/thumb/v7e-m/fpv4-sp/hard/libcr_c.a(_cr_sbrk.o)
                0x0000000000005844                _sbrk
 .text._fdopen  0x0000000000005880       0x68 /usr/local/mcuxpressoide-10.2.0_759/ide/tools/bin/../lib/gcc/arm-none-eabi/7.2.1/../../../../arm-none-eabi/lib/thumb/v7e-m/fpv4-sp/hard/libcr_c.a(_fdopen.o)
                0x0000000000005880                _fdopen
 .text.fclose   0x00000000000058e8       0x58 /usr/local/mcuxpressoide-10.2.0_759/ide/tools/bin/../lib/gcc/arm-none-eabi/7.2.1/../../../../arm-none-eabi/lib/thumb/v7e-m/fpv4-sp/hard/libcr_c.a(fclose.o)
                0x00000000000058e8                fclose
 .text.fflush   0x0000000000005940       0x44 /usr/local/mcuxpressoide-10.2.0_759/ide/tools/bin/../lib/gcc/arm-none-eabi/7.2.1/../../../../arm-none-eabi/lib/thumb/v7e-m/fpv4-sp/hard/libcr_c.a(fflush.o)
                0x0000000000005940                fflush
 .text.remove   0x0000000000005984       0x14 /usr/local/mcuxpressoide-10.2.0_759/ide/tools/bin/../lib/gcc/arm-none-eabi/7.2.1/../../../../arm-none-eabi/lib/thumb/v7e-m/fpv4-sp/hard/libcr_c.a(remove.o)
                0x0000000000005984                remove
 .text.__check_heap_overflow
                0x0000000000005998       0x18 /usr/local/mcuxpressoide-10.2.0_759/ide/tools/bin/../lib/gcc/arm-none-eabi/7.2.1/../../../../arm-none-eabi/lib/thumb/v7e-m/fpv4-sp/hard/libcr_c.a(_cr_check_heap.o)
                0x0000000000005998                __check_heap_overflow
 .text._do_fflush
                0x00000000000059b0       0x40 /usr/local/mcuxpressoide-10.2.0_759/ide/tools/bin/../lib/gcc/arm-none-eabi/7.2.1/../../../../arm-none-eabi/lib/thumb/v7e-m/fpv4-sp/hard/libcr_c.a(_do_fflush.o)
                0x00000000000059b0                _do_fflush
 .text.__aeabi_memcpy
                0x00000000000059f0       0x34 /usr/local/mcuxpressoide-10.2.0_759/ide/tools/bin/../lib/gcc/arm-none-eabi/7.2.1/thumb/v7e-m/fpv4-sp/hard/libcr_eabihelpers.a(memcpy.o)
                0x00000000000059f0                __aeabi_memcpy
                0x00000000000059fa                __aeabi_memcpy4
                0x00000000000059fa                __aeabi_memcpy8
 .text.__aeabi_memset_lowlevel
                0x0000000000005a24       0x32 /usr/local/mcuxpressoide-10.2.0_759/ide/tools/bin/../lib/gcc/arm-none-eabi/7.2.1/thumb/v7e-m/fpv4-sp/hard/libcr_eabihelpers.a(memcpy.o)
                0x0000000000005a24                __aeabi_lowlevel_memset
 .text.__sys_close
                0x0000000000005a56        0xc /usr/local/mcuxpressoide-10.2.0_759/ide/tools/bin/../lib/gcc/arm-none-eabi/7.2.1/../../../../arm-none-eabi/lib/thumb/v7e-m/fpv4-sp/hard/libcr_semihost_nf.a(__sys_close.o)
                0x0000000000005a56                __sys_close
 .text.__sys_flen
                0x0000000000005a62        0xc /usr/local/mcuxpressoide-10.2.0_759/ide/tools/bin/../lib/gcc/arm-none-eabi/7.2.1/../../../../arm-none-eabi/lib/thumb/v7e-m/fpv4-sp/hard/libcr_semihost_nf.a(__sys_flen.o)
                0x0000000000005a62                __sys_flen
 .text.__sys_istty
                0x0000000000005a6e        0xc /usr/local/mcuxpressoide-10.2.0_759/ide/tools/bin/../lib/gcc/arm-none-eabi/7.2.1/../../../../arm-none-eabi/lib/thumb/v7e-m/fpv4-sp/hard/libcr_semihost_nf.a(__sys_istty.o)
                0x0000000000005a6e                __sys_istty
 .text.__sys_remove
                0x0000000000005a7a        0xc /usr/local/mcuxpressoide-10.2.0_759/ide/tools/bin/../lib/gcc/arm-none-eabi/7.2.1/../../../../arm-none-eabi/lib/thumb/v7e-m/fpv4-sp/hard/libcr_semihost_nf.a(__sys_remove.o)
                0x0000000000005a7a                __sys_remove
 .text.__sys_seek
                0x0000000000005a86        0xc /usr/local/mcuxpressoide-10.2.0_759/ide/tools/bin/../lib/gcc/arm-none-eabi/7.2.1/../../../../arm-none-eabi/lib/thumb/v7e-m/fpv4-sp/hard/libcr_semihost_nf.a(__sys_seek.o)
                0x0000000000005a86                __sys_seek
 .text.__sys_tmpnam
                0x0000000000005a92        0xc /usr/local/mcuxpressoide-10.2.0_759/ide/tools/bin/../lib/gcc/arm-none-eabi/7.2.1/../../../../arm-none-eabi/lib/thumb/v7e-m/fpv4-sp/hard/libcr_semihost_nf.a(__sys_tmpnam.o)
                0x0000000000005a92                __sys_tmpnam
 .text.__sys_write
                0x0000000000005a9e        0xc /usr/local/mcuxpressoide-10.2.0_759/ide/tools/bin/../lib/gcc/arm-none-eabi/7.2.1/../../../../arm-none-eabi/lib/thumb/v7e-m/fpv4-sp/hard/libcr_semihost_nf.a(__sys_write.o)
                0x0000000000005a9e                __sys_write
 *(.rodata .rodata.* .constdata .constdata.*)
 *fill*         0x0000000000005aaa        0x2 ff
 .rodata        0x0000000000005aac       0x50 ./utilities/fsl_debug_console.o
 .rodata        0x0000000000005afc       0x27 ./utilities/fsl_io.o
 *fill*         0x0000000000005b23        0x1 ff
 .rodata        0x0000000000005b24       0x13 ./source/Node.o
 *fill*         0x0000000000005b37        0x1 ff
 .rodata        0x0000000000005b38      0x2a1 ./drivers/fsl_clock.o
 *fill*         0x0000000000005dd9        0x3 ff
 .rodata.fllFactorTable.8150
                0x0000000000005ddc       0x10 ./drivers/fsl_clock.o
 .rodata.s_flexcanBases
                0x0000000000005dec        0x8 ./drivers/fsl_flexcan.o
 .rodata.s_flexcanRxWarningIRQ
                0x0000000000005df4        0x2 ./drivers/fsl_flexcan.o
 *fill*         0x0000000000005df6        0x2 ff
 .rodata.s_flexcanTxWarningIRQ
                0x0000000000005df8        0x2 ./drivers/fsl_flexcan.o
 *fill*         0x0000000000005dfa        0x2 ff
 .rodata.s_flexcanWakeUpIRQ
                0x0000000000005dfc        0x2 ./drivers/fsl_flexcan.o
 *fill*         0x0000000000005dfe        0x2 ff
 .rodata.s_flexcanErrorIRQ
                0x0000000000005e00        0x2 ./drivers/fsl_flexcan.o
 *fill*         0x0000000000005e02        0x2 ff
 .rodata.s_flexcanBusOffIRQ
                0x0000000000005e04        0x2 ./drivers/fsl_flexcan.o
 *fill*         0x0000000000005e06        0x2 ff
 .rodata.s_flexcanMbIRQ
                0x0000000000005e08        0x2 ./drivers/fsl_flexcan.o
 *fill*         0x0000000000005e0a        0x2 ff
 .rodata.s_flexcanClock
                0x0000000000005e0c        0x8 ./drivers/fsl_flexcan.o
 .rodata        0x0000000000005e14      0xb0b ./drivers/fsl_flexcan.o
 *fill*         0x000000000000691f        0x1 ff
 .rodata        0x0000000000006920       0x62 ./drivers/fsl_gpio.o
 *fill*         0x0000000000006982        0x2 ff
 .rodata        0x0000000000006984      0x4da ./drivers/fsl_lpuart.o
 *fill*         0x0000000000006e5e        0x2 ff
 .rodata.s_uartBases
                0x0000000000006e60       0x14 ./drivers/fsl_uart.o
 .rodata.s_uartIRQ
                0x0000000000006e74        0x5 ./drivers/fsl_uart.o
 *fill*         0x0000000000006e79        0x3 ff
 .rodata.s_uartClock
                0x0000000000006e7c       0x14 ./drivers/fsl_uart.o
 .rodata        0x0000000000006e90      0x513 ./drivers/fsl_uart.o
 *fill*         0x00000000000073a3        0x1 ff
 .rodata.mcgConfig_BOARD_BootClockRUN
                0x00000000000073a4        0xc ./board/clock_config.o
                0x00000000000073a4                mcgConfig_BOARD_BootClockRUN
 .rodata.simConfig_BOARD_BootClockRUN
                0x00000000000073b0        0x8 ./board/clock_config.o
                0x00000000000073b0                simConfig_BOARD_BootClockRUN
 .rodata.oscConfig_BOARD_BootClockRUN
                0x00000000000073b8        0x8 ./board/clock_config.o
                0x00000000000073b8                oscConfig_BOARD_BootClockRUN
 .rodata.__assertion_failed.str1.1
                0x00000000000073c0       0x15 /usr/local/mcuxpressoide-10.2.0_759/ide/tools/bin/../lib/gcc/arm-none-eabi/7.2.1/../../../../arm-none-eabi/lib/thumb/v7e-m/fpv4-sp/hard/libcr_semihost_nf.a(_cr_assert.o)
 *fill*         0x00000000000073d5        0x3 ff
 .rodata.__num_Ciob_streams
                0x00000000000073d8        0x4 /usr/local/mcuxpressoide-10.2.0_759/ide/tools/bin/../lib/gcc/arm-none-eabi/7.2.1/../../../../arm-none-eabi/lib/thumb/v7e-m/fpv4-sp/hard/libcr_semihost_nf.a(__ciob.o)
                0x00000000000073d8                __num_Ciob_streams
 .rodata._Csys_alloc.str1.1
                0x00000000000073dc       0x18 /usr/local/mcuxpressoide-10.2.0_759/ide/tools/bin/../lib/gcc/arm-none-eabi/7.2.1/../../../../arm-none-eabi/lib/thumb/v7e-m/fpv4-sp/hard/libcr_c.a(alloc.o)
 .rodata._initio.str1.1
                0x00000000000073f4        0x4 /usr/local/mcuxpressoide-10.2.0_759/ide/tools/bin/../lib/gcc/arm-none-eabi/7.2.1/../../../../arm-none-eabi/lib/thumb/v7e-m/fpv4-sp/hard/libcr_c.a(initio.o)
                0x00000000000073f8                . = ALIGN (0x8)

.glue_7         0x00000000000073f8        0x0
 .glue_7        0x00000000000073f8        0x0 linker stubs

.glue_7t        0x00000000000073f8        0x0
 .glue_7t       0x00000000000073f8        0x0 linker stubs

.vfp11_veneer   0x00000000000073f8        0x0
 .vfp11_veneer  0x00000000000073f8        0x0 linker stubs

.v4_bx          0x00000000000073f8        0x0
 .v4_bx         0x00000000000073f8        0x0 linker stubs

.iplt           0x00000000000073f8        0x0
 .iplt          0x00000000000073f8        0x0 ./utilities/fsl_debug_console.o

.rel.dyn        0x00000000000073f8        0x0
 .rel.iplt      0x00000000000073f8        0x0 ./utilities/fsl_debug_console.o

.ARM.extab
 *(.ARM.extab* .gnu.linkonce.armextab.*)
                0x00000000000073f8                __exidx_start = .

.ARM.exidx
 *(.ARM.exidx* .gnu.linkonce.armexidx.*)
                0x00000000000073f8                __exidx_end = .
                0x00000000000073f8                _etext = .

.m_usb_data
 *(m_usb_bdt)

.data_RAM2      0x000000001fff0000        0x0 load address 0x00000000000073f8
 FILL mask 0xff
                [!provide]                        PROVIDE (__start_data_RAM2, .)
 *(.ramfunc.$RAM2)
 *(.ramfunc.$SRAM_LOWER)
 *(.data.$RAM2*)
 *(.data.$SRAM_LOWER*)
                0x000000001fff0000                . = ALIGN (0x8)
                [!provide]                        PROVIDE (__end_data_RAM2, .)

.data_RAM3      0x0000000014000000        0x0 load address 0x00000000000073f8
 FILL mask 0xff
                [!provide]                        PROVIDE (__start_data_RAM3, .)
 *(.ramfunc.$RAM3)
 *(.ramfunc.$FLEX_RAM)
 *(.data.$RAM3*)
 *(.data.$FLEX_RAM*)
                0x0000000014000000                . = ALIGN (0x8)
                [!provide]                        PROVIDE (__end_data_RAM3, .)

.uninit_RESERVED
                0x0000000020000000        0x0
 *(.bss.$RESERVED*)
                0x0000000020000000                . = ALIGN (0x4)
                0x0000000020000000                _end_uninit_RESERVED = .

.data           0x0000000020000000       0x60 load address 0x00000000000073f8
 FILL mask 0xff
                0x0000000020000000                _data = .
 *(vtable)
 *(.ramfunc*)
 *(.data*)
 .data.CAN_valMot1Data
                0x0000000020000000        0x4 ./source/Node.o
                0x0000000020000000                CAN_valMot1Data
 .data.CAN_valMot2Data
                0x0000000020000004        0x4 ./source/Node.o
                0x0000000020000004                CAN_valMot2Data
 .data.CAN_valMot3Data
                0x0000000020000008        0x4 ./source/Node.o
                0x0000000020000008                CAN_valMot3Data
 .data.CAN_valMot4Data
                0x000000002000000c        0x4 ./source/Node.o
                0x000000002000000c                CAN_valMot4Data
 .data.txbuff   0x0000000020000010       0x41 ./source/Node.o
                0x0000000020000010                txbuff
 *fill*         0x0000000020000051        0x3 ff
 .data.s_slowIrcFreq
                0x0000000020000054        0x4 ./drivers/fsl_clock.o
 .data.s_fastIrcFreq
                0x0000000020000058        0x4 ./drivers/fsl_clock.o
 .data.SystemCoreClock
                0x000000002000005c        0x4 ./CMSIS/system_MK66F18.o
                0x000000002000005c                SystemCoreClock
                0x0000000020000060                . = ALIGN (0x8)
                0x0000000020000060                _edata = .

.igot.plt       0x0000000020000060        0x0 load address 0x0000000000007458
 .igot.plt      0x0000000020000060        0x0 ./utilities/fsl_debug_console.o

.bss_RAM2       0x000000001fff0000        0x0
                [!provide]                        PROVIDE (__start_bss_RAM2, .)
 *(.bss.$RAM2*)
 *(.bss.$SRAM_LOWER*)
                0x000000001fff0000                . = ALIGN ((. != 0x0)?0x8:0x1)
                [!provide]                        PROVIDE (__end_bss_RAM2, .)

.bss_RAM3       0x0000000014000000        0x0
                [!provide]                        PROVIDE (__start_bss_RAM3, .)
 *(.bss.$RAM3*)
 *(.bss.$FLEX_RAM*)
                0x0000000014000000                . = ALIGN ((. != 0x0)?0x8:0x1)
                [!provide]                        PROVIDE (__end_bss_RAM3, .)

.bss            0x0000000020000060      0x270
                0x0000000020000060                _bss = .
 *(.bss*)
 .bss.s_debugConsoleIO
                0x0000000020000060        0x8 ./utilities/fsl_io.o
 .bss.txComplete
                0x0000000020000068        0x1 ./source/FlexCAN_Functions.o
                0x0000000020000068                txComplete
 .bss.rx0Complete
                0x0000000020000069        0x1 ./source/FlexCAN_Functions.o
                0x0000000020000069                rx0Complete
 .bss.rx1Complete
                0x000000002000006a        0x1 ./source/FlexCAN_Functions.o
                0x000000002000006a                rx1Complete
 .bss.rx2Complete
                0x000000002000006b        0x1 ./source/FlexCAN_Functions.o
                0x000000002000006b                rx2Complete
 .bss.rx3Complete
                0x000000002000006c        0x1 ./source/FlexCAN_Functions.o
                0x000000002000006c                rx3Complete
 *fill*         0x000000002000006d        0x3 
 .bss.buff0FlexCANRx
                0x0000000020000070        0x8 ./source/FlexCAN_Functions.o
                0x0000000020000070                buff0FlexCANRx
 .bss.buff1FlexCANRx
                0x0000000020000078        0x8 ./source/FlexCAN_Functions.o
                0x0000000020000078                buff1FlexCANRx
 .bss.buff2FlexCANRx
                0x0000000020000080        0x8 ./source/FlexCAN_Functions.o
                0x0000000020000080                buff2FlexCANRx
 .bss.buff3FlexCANRx
                0x0000000020000088        0x8 ./source/FlexCAN_Functions.o
                0x0000000020000088                buff3FlexCANRx
 .bss.flexcanHandle
                0x0000000020000090       0x60 ./source/FlexCAN_Functions.o
                0x0000000020000090                flexcanHandle
 .bss.txXfer    0x00000000200000f0        0x8 ./source/FlexCAN_Functions.o
                0x00000000200000f0                txXfer
 .bss.rxXfer0   0x00000000200000f8        0x8 ./source/FlexCAN_Functions.o
                0x00000000200000f8                rxXfer0
 .bss.rxXfer1   0x0000000020000100        0x8 ./source/FlexCAN_Functions.o
                0x0000000020000100                rxXfer1
 .bss.rxXfer2   0x0000000020000108        0x8 ./source/FlexCAN_Functions.o
                0x0000000020000108                rxXfer2
 .bss.rxXfer3   0x0000000020000110        0x8 ./source/FlexCAN_Functions.o
                0x0000000020000110                rxXfer3
 .bss.rxFrame0  0x0000000020000118       0x10 ./source/FlexCAN_Functions.o
                0x0000000020000118                rxFrame0
 .bss.rxFrame1  0x0000000020000128       0x10 ./source/FlexCAN_Functions.o
                0x0000000020000128                rxFrame1
 .bss.rxFrame2  0x0000000020000138       0x10 ./source/FlexCAN_Functions.o
                0x0000000020000138                rxFrame2
 .bss.rxFrame3  0x0000000020000148       0x10 ./source/FlexCAN_Functions.o
                0x0000000020000148                rxFrame3
 .bss.timerFlag
                0x0000000020000158        0x1 ./source/Node.o
                0x0000000020000158                timerFlag
 .bss.CAN_stUpdt
                0x0000000020000159        0x1 ./source/Node.o
 .bss.CAN_stMotCMD
                0x000000002000015a        0x1 ./source/Node.o
                0x000000002000015a                CAN_stMotCMD
 *fill*         0x000000002000015b        0x1 
 .bss.CAN_degMot1Ang
                0x000000002000015c        0x2 ./source/Node.o
                0x000000002000015c                CAN_degMot1Ang
 .bss.CAN_degMot2Ang
                0x000000002000015e        0x2 ./source/Node.o
                0x000000002000015e                CAN_degMot2Ang
 .bss.CAN_degMot3Ang
                0x0000000020000160        0x2 ./source/Node.o
                0x0000000020000160                CAN_degMot3Ang
 .bss.CAN_degMot4Ang
                0x0000000020000162        0x2 ./source/Node.o
                0x0000000020000162                CAN_degMot4Ang
 .bss.txBufferFull
                0x0000000020000164        0x1 ./source/UART_Functions.o
                0x0000000020000164                txBufferFull
 .bss.txOnGoing
                0x0000000020000165        0x1 ./source/UART_Functions.o
                0x0000000020000165                txOnGoing
 .bss.UART0_stRxCmplt
                0x0000000020000166        0x1 ./source/UART_Functions.o
                0x0000000020000166                UART0_stRxCmplt
 *fill*         0x0000000020000167        0x1 
 .bss.UART0_valRxData
                0x0000000020000168       0x28 ./source/UART_Functions.o
                0x0000000020000168                UART0_valRxData
 .bss.UART0_ctRxPtr
                0x0000000020000190        0x1 ./source/UART_Functions.o
 .bss.UART0_ctElapsedTick
                0x0000000020000191        0x1 ./source/UART_Functions.o
 .bss.UART0_valChkSum
                0x0000000020000192        0x1 ./source/UART_Functions.o
 *fill*         0x0000000020000193        0x1 
 .bss.g_uartHandle
                0x0000000020000194       0x30 ./source/UART_Functions.o
                0x0000000020000194                g_uartHandle
 .bss.xfer      0x00000000200001c4        0x8 ./source/UART_Functions.o
                0x00000000200001c4                xfer
 .bss.receiveXfer
                0x00000000200001cc        0x8 ./source/UART_Functions.o
                0x00000000200001cc                receiveXfer
 .bss.rxbuff    0x00000000200001d4        0x1 ./source/UART_Functions.o
                0x00000000200001d4                rxbuff
 *fill*         0x00000000200001d5        0x3 
 .bss.s_extPllFreq
                0x00000000200001d8        0x4 ./drivers/fsl_clock.o
 .bss.g_xtal0Freq
                0x00000000200001dc        0x4 ./drivers/fsl_clock.o
                0x00000000200001dc                g_xtal0Freq
 .bss.g_xtal32Freq
                0x00000000200001e0        0x4 ./drivers/fsl_clock.o
                0x00000000200001e0                g_xtal32Freq
 .bss.s_flexcanHandle
                0x00000000200001e4        0x8 ./drivers/fsl_flexcan.o
 .bss.s_flexcanIsr
                0x00000000200001ec        0x4 ./drivers/fsl_flexcan.o
 .bss.s_lpuartHandle
                0x00000000200001f0        0x4 ./drivers/fsl_lpuart.o
 .bss.s_lpuartIsr
                0x00000000200001f4        0x4 ./drivers/fsl_lpuart.o
 .bss.s_uartHandle
                0x00000000200001f8       0x14 ./drivers/fsl_uart.o
 .bss.s_uartIsr
                0x000000002000020c        0x4 ./drivers/fsl_uart.o
 .bss.__Ciob    0x0000000020000210       0xb4 /usr/local/mcuxpressoide-10.2.0_759/ide/tools/bin/../lib/gcc/arm-none-eabi/7.2.1/../../../../arm-none-eabi/lib/thumb/v7e-m/fpv4-sp/hard/libcr_semihost_nf.a(__ciob.o)
                0x0000000020000210                __Ciob
 .bss.__end_of_heap
                0x00000000200002c4        0x4 /usr/local/mcuxpressoide-10.2.0_759/ide/tools/bin/../lib/gcc/arm-none-eabi/7.2.1/../../../../arm-none-eabi/lib/thumb/v7e-m/fpv4-sp/hard/libcr_c.a(__init_alloc.o)
                0x00000000200002c4                __end_of_heap
 .bss.__heaps   0x00000000200002c8        0x4 /usr/local/mcuxpressoide-10.2.0_759/ide/tools/bin/../lib/gcc/arm-none-eabi/7.2.1/../../../../arm-none-eabi/lib/thumb/v7e-m/fpv4-sp/hard/libcr_c.a(__init_alloc.o)
                0x00000000200002c8                __heaps
 .bss.errno     0x00000000200002cc        0x4 /usr/local/mcuxpressoide-10.2.0_759/ide/tools/bin/../lib/gcc/arm-none-eabi/7.2.1/../../../../arm-none-eabi/lib/thumb/v7e-m/fpv4-sp/hard/libcr_c.a(errno.o)
                0x00000000200002cc                errno
 *(COMMON)
                0x00000000200002d0                . = ALIGN (0x8)
                0x00000000200002d0                _ebss = .
                [!provide]                        PROVIDE (end, .)

.noinit_RAM2    0x000000001fff0000        0x0
 *(.noinit.$RAM2*)
 *(.noinit.$SRAM_LOWER*)
                0x000000001fff0000                . = ALIGN (0x8)

.noinit_RAM3    0x0000000014000000        0x0
 *(.noinit.$RAM3*)
 *(.noinit.$FLEX_RAM*)
                0x0000000014000000                . = ALIGN (0x8)

.noinit         0x00000000200002d0        0x0
                0x00000000200002d0                _noinit = .
 *(.noinit*)
                0x00000000200002d0                . = ALIGN (0x8)
                0x00000000200002d0                _end_noinit = .
                0x0000000000001000                _HeapSize = 0x1000

.heap           0x00000000200002d0     0x1000
                0x00000000200002d0                _pvHeapStart = .
                0x00000000200012d0                . = (. + _HeapSize)
 *fill*         0x00000000200002d0     0x1000 
                0x00000000200012d0                . = ALIGN (0x8)
                0x00000000200012d0                _pvHeapLimit = .
                0x0000000000001000                _StackSize = 0x1000

.heap2stackfill
                0x00000000200012d0     0x1000
                0x00000000200022d0                . = (. + _StackSize)
 *fill*         0x00000000200012d0     0x1000 

.stack          0x000000002002f000        0x0
                0x000000002002f000                _vStackBase = .
                0x000000002002f000                . = ALIGN (0x8)
                0x0000000020030000                _vStackTop = (. + _StackSize)
                0x0000000000000000                _image_start = LOADADDR (.text)
                0x0000000000007458                _image_end = (LOADADDR (.data) + SIZEOF (.data))
                0x0000000000007458                _image_size = (_image_end - _image_start)
OUTPUT(Teensy3.6_10.axf elf32-littlearm)

.debug_info     0x0000000000000000     0xffc1
 .debug_info    0x0000000000000000      0x2b9 ./utilities/fsl_debug_console.o
 .debug_info    0x00000000000002b9      0xc3b ./utilities/fsl_io.o
 .debug_info    0x0000000000000ef4      0x336 ./utilities/fsl_log.o
 .debug_info    0x000000000000122a      0x9a8 ./startup/startup_mk66f18.o
 .debug_info    0x0000000000001bd2      0xf82 ./source/FlexCAN_Functions.o
 .debug_info    0x0000000000002b54     0x1170 ./source/Node.o
 .debug_info    0x0000000000003cc4      0xd97 ./source/UART_Functions.o
 .debug_info    0x0000000000004a5b       0x37 ./source/semihost_hardfault.o
 .debug_info    0x0000000000004a92     0x2591 ./drivers/fsl_clock.o
 .debug_info    0x0000000000007023     0x1e1e ./drivers/fsl_flexcan.o
 .debug_info    0x0000000000008e41      0x610 ./drivers/fsl_gpio.o
 .debug_info    0x0000000000009451     0x18ba ./drivers/fsl_lpuart.o
 .debug_info    0x000000000000ad0b      0xae7 ./drivers/fsl_smc.o
 .debug_info    0x000000000000b7f2     0x1adb ./drivers/fsl_uart.o
 .debug_info    0x000000000000d2cd      0x7f2 ./board/board.o
 .debug_info    0x000000000000dabf     0x1437 ./board/clock_config.o
 .debug_info    0x000000000000eef6      0x6df ./board/pin_mux.o
 .debug_info    0x000000000000f5d5      0x9ec ./CMSIS/system_MK66F18.o

.debug_abbrev   0x0000000000000000     0x23dd
 .debug_abbrev  0x0000000000000000      0x104 ./utilities/fsl_debug_console.o
 .debug_abbrev  0x0000000000000104      0x228 ./utilities/fsl_io.o
 .debug_abbrev  0x000000000000032c      0x17d ./utilities/fsl_log.o
 .debug_abbrev  0x00000000000004a9      0x159 ./startup/startup_mk66f18.o
 .debug_abbrev  0x0000000000000602      0x230 ./source/FlexCAN_Functions.o
 .debug_abbrev  0x0000000000000832      0x2a7 ./source/Node.o
 .debug_abbrev  0x0000000000000ad9      0x1d5 ./source/UART_Functions.o
 .debug_abbrev  0x0000000000000cae       0x2c ./source/semihost_hardfault.o
 .debug_abbrev  0x0000000000000cda      0x320 ./drivers/fsl_clock.o
 .debug_abbrev  0x0000000000000ffa      0x2e8 ./drivers/fsl_flexcan.o
 .debug_abbrev  0x00000000000012e2      0x1ab ./drivers/fsl_gpio.o
 .debug_abbrev  0x000000000000148d      0x2ce ./drivers/fsl_lpuart.o
 .debug_abbrev  0x000000000000175b      0x2be ./drivers/fsl_smc.o
 .debug_abbrev  0x0000000000001a19      0x300 ./drivers/fsl_uart.o
 .debug_abbrev  0x0000000000001d19      0x159 ./board/board.o
 .debug_abbrev  0x0000000000001e72      0x284 ./board/clock_config.o
 .debug_abbrev  0x00000000000020f6      0x196 ./board/pin_mux.o
 .debug_abbrev  0x000000000000228c      0x151 ./CMSIS/system_MK66F18.o

.debug_aranges  0x0000000000000000      0xdd0
 .debug_aranges
                0x0000000000000000       0x30 ./utilities/fsl_debug_console.o
 .debug_aranges
                0x0000000000000030       0x58 ./utilities/fsl_io.o
 .debug_aranges
                0x0000000000000088       0x58 ./utilities/fsl_log.o
 .debug_aranges
                0x00000000000000e0      0x3a0 ./startup/startup_mk66f18.o
 .debug_aranges
                0x0000000000000480       0x68 ./source/FlexCAN_Functions.o
 .debug_aranges
                0x00000000000004e8       0x40 ./source/Node.o
 .debug_aranges
                0x0000000000000528       0x30 ./source/UART_Functions.o
 .debug_aranges
                0x0000000000000558       0x20 ./source/semihost_hardfault.o
 .debug_aranges
                0x0000000000000578      0x248 ./drivers/fsl_clock.o
 .debug_aranges
                0x00000000000007c0      0x180 ./drivers/fsl_flexcan.o
 .debug_aranges
                0x0000000000000940       0x48 ./drivers/fsl_gpio.o
 .debug_aranges
                0x0000000000000988      0x118 ./drivers/fsl_lpuart.o
 .debug_aranges
                0x0000000000000aa0       0x90 ./drivers/fsl_smc.o
 .debug_aranges
                0x0000000000000b30      0x160 ./drivers/fsl_uart.o
 .debug_aranges
                0x0000000000000c90       0x20 ./board/board.o
 .debug_aranges
                0x0000000000000cb0       0xb8 ./board/clock_config.o
 .debug_aranges
                0x0000000000000d68       0x38 ./board/pin_mux.o
 .debug_aranges
                0x0000000000000da0       0x30 ./CMSIS/system_MK66F18.o

.debug_ranges   0x0000000000000000      0xcb0
 .debug_ranges  0x0000000000000000       0x20 ./utilities/fsl_debug_console.o
 .debug_ranges  0x0000000000000020       0x48 ./utilities/fsl_io.o
 .debug_ranges  0x0000000000000068       0x48 ./utilities/fsl_log.o
 .debug_ranges  0x00000000000000b0      0x390 ./startup/startup_mk66f18.o
 .debug_ranges  0x0000000000000440       0x58 ./source/FlexCAN_Functions.o
 .debug_ranges  0x0000000000000498       0x30 ./source/Node.o
 .debug_ranges  0x00000000000004c8       0x20 ./source/UART_Functions.o
 .debug_ranges  0x00000000000004e8       0x10 ./source/semihost_hardfault.o
 .debug_ranges  0x00000000000004f8      0x238 ./drivers/fsl_clock.o
 .debug_ranges  0x0000000000000730      0x170 ./drivers/fsl_flexcan.o
 .debug_ranges  0x00000000000008a0       0x38 ./drivers/fsl_gpio.o
 .debug_ranges  0x00000000000008d8      0x108 ./drivers/fsl_lpuart.o
 .debug_ranges  0x00000000000009e0       0x80 ./drivers/fsl_smc.o
 .debug_ranges  0x0000000000000a60      0x150 ./drivers/fsl_uart.o
 .debug_ranges  0x0000000000000bb0       0x10 ./board/board.o
 .debug_ranges  0x0000000000000bc0       0xa8 ./board/clock_config.o
 .debug_ranges  0x0000000000000c68       0x28 ./board/pin_mux.o
 .debug_ranges  0x0000000000000c90       0x20 ./CMSIS/system_MK66F18.o

.debug_line     0x0000000000000000     0x4b6d
 .debug_line    0x0000000000000000      0x1e3 ./utilities/fsl_debug_console.o
 .debug_line    0x00000000000001e3      0x2cf ./utilities/fsl_io.o
 .debug_line    0x00000000000004b2      0x27f ./utilities/fsl_log.o
 .debug_line    0x0000000000000731      0x7d0 ./startup/startup_mk66f18.o
 .debug_line    0x0000000000000f01      0x356 ./source/FlexCAN_Functions.o
 .debug_line    0x0000000000001257      0x33b ./source/Node.o
 .debug_line    0x0000000000001592      0x265 ./source/UART_Functions.o
 .debug_line    0x00000000000017f7       0x54 ./source/semihost_hardfault.o
 .debug_line    0x000000000000184b      0xb0c ./drivers/fsl_clock.o
 .debug_line    0x0000000000002357      0x936 ./drivers/fsl_flexcan.o
 .debug_line    0x0000000000002c8d      0x209 ./drivers/fsl_gpio.o
 .debug_line    0x0000000000002e96      0x6e2 ./drivers/fsl_lpuart.o
 .debug_line    0x0000000000003578      0x3d1 ./drivers/fsl_smc.o
 .debug_line    0x0000000000003949      0x935 ./drivers/fsl_uart.o
 .debug_line    0x000000000000427e      0x1b5 ./board/board.o
 .debug_line    0x0000000000004433      0x3ae ./board/clock_config.o
 .debug_line    0x00000000000047e1      0x1f1 ./board/pin_mux.o
 .debug_line    0x00000000000049d2      0x19b ./CMSIS/system_MK66F18.o

.debug_str      0x0000000000000000     0x6bfc
 .debug_str     0x0000000000000000      0x398 ./utilities/fsl_debug_console.o
                                        0x3e2 (size before relaxing)
 .debug_str     0x0000000000000398      0xf05 ./utilities/fsl_io.o
                                       0x1286 (size before relaxing)
 .debug_str     0x000000000000129d       0x85 ./utilities/fsl_log.o
                                        0x398 (size before relaxing)
 .debug_str     0x0000000000001322      0x976 ./startup/startup_mk66f18.o
                                        0xab6 (size before relaxing)
 .debug_str     0x0000000000001c98      0xb9e ./source/FlexCAN_Functions.o
                                       0x138e (size before relaxing)
 .debug_str     0x0000000000002836      0x8bb ./source/Node.o
                                       0x160b (size before relaxing)
 .debug_str     0x00000000000030f1      0x321 ./source/UART_Functions.o
                                       0x130c (size before relaxing)
 .debug_str     0x0000000000003412       0x1f ./source/semihost_hardfault.o
                                        0x14f (size before relaxing)
 .debug_str     0x0000000000003431     0x1553 ./drivers/fsl_clock.o
                                       0x22ee (size before relaxing)
 .debug_str     0x0000000000004984      0xb80 ./drivers/fsl_flexcan.o
                                       0x22c7 (size before relaxing)
 .debug_str     0x0000000000005504       0xe0 ./drivers/fsl_gpio.o
                                        0x922 (size before relaxing)
 .debug_str     0x00000000000055e4      0x7cf ./drivers/fsl_lpuart.o
                                       0x205e (size before relaxing)
 .debug_str     0x0000000000005db3      0x4da ./drivers/fsl_smc.o
                                        0xd5b (size before relaxing)
 .debug_str     0x000000000000628d      0x3c6 ./drivers/fsl_uart.o
                                       0x2038 (size before relaxing)
 .debug_str     0x0000000000006653       0x37 ./board/board.o
                                        0x7c4 (size before relaxing)
 .debug_str     0x000000000000668a      0x371 ./board/clock_config.o
                                       0x16b8 (size before relaxing)
 .debug_str     0x00000000000069fb      0x14d ./board/pin_mux.o
                                        0x7b0 (size before relaxing)
 .debug_str     0x0000000000006b48       0xb4 ./CMSIS/system_MK66F18.o
                                        0x6d2 (size before relaxing)

.comment        0x0000000000000000       0x7e
 .comment       0x0000000000000000       0x7e ./utilities/fsl_debug_console.o
                                         0x7f (size before relaxing)
 .comment       0x000000000000007e       0x7f ./utilities/fsl_io.o
 .comment       0x000000000000007e       0x7f ./utilities/fsl_log.o
 .comment       0x000000000000007e       0x7f ./startup/startup_mk66f18.o
 .comment       0x000000000000007e       0x7f ./source/FlexCAN_Functions.o
 .comment       0x000000000000007e       0x7f ./source/Node.o
 .comment       0x000000000000007e       0x7f ./source/UART_Functions.o
 .comment       0x000000000000007e       0x7f ./source/semihost_hardfault.o
 .comment       0x000000000000007e       0x7f ./drivers/fsl_clock.o
 .comment       0x000000000000007e       0x7f ./drivers/fsl_flexcan.o
 .comment       0x000000000000007e       0x7f ./drivers/fsl_gpio.o
 .comment       0x000000000000007e       0x7f ./drivers/fsl_lpuart.o
 .comment       0x000000000000007e       0x7f ./drivers/fsl_smc.o
 .comment       0x000000000000007e       0x7f ./drivers/fsl_uart.o
 .comment       0x000000000000007e       0x7f ./board/board.o
 .comment       0x000000000000007e       0x7f ./board/clock_config.o
 .comment       0x000000000000007e       0x7f ./board/pin_mux.o
 .comment       0x000000000000007e       0x7f ./CMSIS/system_MK66F18.o
 .comment       0x000000000000007e       0x7f /usr/local/mcuxpressoide-10.2.0_759/ide/tools/bin/../lib/gcc/arm-none-eabi/7.2.1/../../../../arm-none-eabi/lib/thumb/v7e-m/fpv4-sp/hard/libcr_semihost_nf.a(_cr__main.o)
 .comment       0x000000000000007e       0x7f /usr/local/mcuxpressoide-10.2.0_759/ide/tools/bin/../lib/gcc/arm-none-eabi/7.2.1/../../../../arm-none-eabi/lib/thumb/v7e-m/fpv4-sp/hard/libcr_semihost_nf.a(_cr_assert.o)
 .comment       0x000000000000007e       0x7f /usr/local/mcuxpressoide-10.2.0_759/ide/tools/bin/../lib/gcc/arm-none-eabi/7.2.1/../../../../arm-none-eabi/lib/thumb/v7e-m/fpv4-sp/hard/libcr_semihost_nf.a(__ciob.o)
 .comment       0x000000000000007e       0x7f /usr/local/mcuxpressoide-10.2.0_759/ide/tools/bin/../lib/gcc/arm-none-eabi/7.2.1/../../../../arm-none-eabi/lib/thumb/v7e-m/fpv4-sp/hard/libcr_c.a(memcpy.o)
 .comment       0x000000000000007e       0x7f /usr/local/mcuxpressoide-10.2.0_759/ide/tools/bin/../lib/gcc/arm-none-eabi/7.2.1/../../../../arm-none-eabi/lib/thumb/v7e-m/fpv4-sp/hard/libcr_c.a(memset.o)
 .comment       0x000000000000007e       0x7f /usr/local/mcuxpressoide-10.2.0_759/ide/tools/bin/../lib/gcc/arm-none-eabi/7.2.1/../../../../arm-none-eabi/lib/thumb/v7e-m/fpv4-sp/hard/libcr_c.a(_deferredlazyseek.o)
 .comment       0x000000000000007e       0x7f /usr/local/mcuxpressoide-10.2.0_759/ide/tools/bin/../lib/gcc/arm-none-eabi/7.2.1/../../../../arm-none-eabi/lib/thumb/v7e-m/fpv4-sp/hard/libcr_c.a(_fflush.o)
 .comment       0x000000000000007e       0x7f /usr/local/mcuxpressoide-10.2.0_759/ide/tools/bin/../lib/gcc/arm-none-eabi/7.2.1/../../../../arm-none-eabi/lib/thumb/v7e-m/fpv4-sp/hard/libcr_c.a(_writebuf.o)
 .comment       0x000000000000007e       0x7f /usr/local/mcuxpressoide-10.2.0_759/ide/tools/bin/../lib/gcc/arm-none-eabi/7.2.1/../../../../arm-none-eabi/lib/thumb/v7e-m/fpv4-sp/hard/libcr_c.a(alloc.o)
 .comment       0x000000000000007e       0x7f /usr/local/mcuxpressoide-10.2.0_759/ide/tools/bin/../lib/gcc/arm-none-eabi/7.2.1/../../../../arm-none-eabi/lib/thumb/v7e-m/fpv4-sp/hard/libcr_c.a(fputs.o)
 .comment       0x000000000000007e       0x7f /usr/local/mcuxpressoide-10.2.0_759/ide/tools/bin/../lib/gcc/arm-none-eabi/7.2.1/../../../../arm-none-eabi/lib/thumb/v7e-m/fpv4-sp/hard/libcr_c.a(fseek.o)
 .comment       0x000000000000007e       0x7f /usr/local/mcuxpressoide-10.2.0_759/ide/tools/bin/../lib/gcc/arm-none-eabi/7.2.1/../../../../arm-none-eabi/lib/thumb/v7e-m/fpv4-sp/hard/libcr_c.a(ftell.o)
 .comment       0x000000000000007e       0x7f /usr/local/mcuxpressoide-10.2.0_759/ide/tools/bin/../lib/gcc/arm-none-eabi/7.2.1/../../../../arm-none-eabi/lib/thumb/v7e-m/fpv4-sp/hard/libcr_c.a(initio.o)
 .comment       0x000000000000007e       0x7f /usr/local/mcuxpressoide-10.2.0_759/ide/tools/bin/../lib/gcc/arm-none-eabi/7.2.1/../../../../arm-none-eabi/lib/thumb/v7e-m/fpv4-sp/hard/libcr_c.a(setvbuf.o)
 .comment       0x000000000000007e       0x7f /usr/local/mcuxpressoide-10.2.0_759/ide/tools/bin/../lib/gcc/arm-none-eabi/7.2.1/../../../../arm-none-eabi/lib/thumb/v7e-m/fpv4-sp/hard/libcr_c.a(strcpy.o)
 .comment       0x000000000000007e       0x7f /usr/local/mcuxpressoide-10.2.0_759/ide/tools/bin/../lib/gcc/arm-none-eabi/7.2.1/../../../../arm-none-eabi/lib/thumb/v7e-m/fpv4-sp/hard/libcr_c.a(strlen.o)
 .comment       0x000000000000007e       0x7f /usr/local/mcuxpressoide-10.2.0_759/ide/tools/bin/../lib/gcc/arm-none-eabi/7.2.1/../../../../arm-none-eabi/lib/thumb/v7e-m/fpv4-sp/hard/libcr_c.a(__init_alloc.o)
 .comment       0x000000000000007e       0x7f /usr/local/mcuxpressoide-10.2.0_759/ide/tools/bin/../lib/gcc/arm-none-eabi/7.2.1/../../../../arm-none-eabi/lib/thumb/v7e-m/fpv4-sp/hard/libcr_c.a(_cr_sbrk.o)
 .comment       0x000000000000007e       0x7f /usr/local/mcuxpressoide-10.2.0_759/ide/tools/bin/../lib/gcc/arm-none-eabi/7.2.1/../../../../arm-none-eabi/lib/thumb/v7e-m/fpv4-sp/hard/libcr_c.a(_fdopen.o)
 .comment       0x000000000000007e       0x7f /usr/local/mcuxpressoide-10.2.0_759/ide/tools/bin/../lib/gcc/arm-none-eabi/7.2.1/../../../../arm-none-eabi/lib/thumb/v7e-m/fpv4-sp/hard/libcr_c.a(errno.o)
 .comment       0x000000000000007e       0x7f /usr/local/mcuxpressoide-10.2.0_759/ide/tools/bin/../lib/gcc/arm-none-eabi/7.2.1/../../../../arm-none-eabi/lib/thumb/v7e-m/fpv4-sp/hard/libcr_c.a(fclose.o)
 .comment       0x000000000000007e       0x7f /usr/local/mcuxpressoide-10.2.0_759/ide/tools/bin/../lib/gcc/arm-none-eabi/7.2.1/../../../../arm-none-eabi/lib/thumb/v7e-m/fpv4-sp/hard/libcr_c.a(fflush.o)
 .comment       0x000000000000007e       0x7f /usr/local/mcuxpressoide-10.2.0_759/ide/tools/bin/../lib/gcc/arm-none-eabi/7.2.1/../../../../arm-none-eabi/lib/thumb/v7e-m/fpv4-sp/hard/libcr_c.a(remove.o)
 .comment       0x000000000000007e       0x7f /usr/local/mcuxpressoide-10.2.0_759/ide/tools/bin/../lib/gcc/arm-none-eabi/7.2.1/../../../../arm-none-eabi/lib/thumb/v7e-m/fpv4-sp/hard/libcr_c.a(_cr_check_heap.o)